Running on node: hpc-dgx-b-1
Sat May 30 23:14:03 2026       
+-----------------------------------------------------------------------------------------+
| NVIDIA-SMI 570.211.01             Driver Version: 570.211.01     CUDA Version: 12.8     |
|-----------------------------------------+------------------------+----------------------+
| GPU  Name                 Persistence-M | Bus-Id          Disp.A | Volatile Uncorr. ECC |
| Fan  Temp   Perf          Pwr:Usage/Cap |           Memory-Usage | GPU-Util  Compute M. |
|                                         |                        |               MIG M. |
|=========================================+========================+======================|
|   0  NVIDIA A100-SXM4-40GB          On  |   00000000:BD:00.0 Off |                    0 |
| N/A   46C    P0             61W /  400W |       0MiB /  40960MiB |      0%      Default |
|                                         |                        |             Disabled |
+-----------------------------------------+------------------------+----------------------+
                                                                                         
+-----------------------------------------------------------------------------------------+
| Processes:                                                                              |
|  GPU   GI   CI              PID   Type   Process name                        GPU Memory |
|        ID   ID                                                               Usage      |
|=========================================================================================|
|  No running processes found                                                             |
+-----------------------------------------------------------------------------------------+
/opt/apps/eb/software/Miniconda3/4.9.2/bin/python
CUDA available: True
GPU: NVIDIA A100-SXM4-40GB

========== Step 1: Load downstream sentiment dataset ==========
Downstream train examples: 67349
Downstream validation examples: 872
Downstream test examples: 1821

========== Step 2: Generate human-like noisy downstream splits ==========

========== Step 3: Train/load three downstream sentiment models ==========

----- Downstream model: distilbert_sst2 (encoder_only) -----
{'loss': 0.6971, 'grad_norm': 2.068878412246704, 'learning_rate': 1.3192612137203166e-06, 'epoch': 0.01}
{'loss': 0.6955, 'grad_norm': 1.3030818700790405, 'learning_rate': 2.6385224274406333e-06, 'epoch': 0.02}
{'loss': 0.6783, 'grad_norm': 1.2786182165145874, 'learning_rate': 3.95778364116095e-06, 'epoch': 0.04}
{'loss': 0.6311, 'grad_norm': 2.3498501777648926, 'learning_rate': 5.2770448548812665e-06, 'epoch': 0.05}
{'loss': 0.4563, 'grad_norm': 3.241788387298584, 'learning_rate': 6.596306068601583e-06, 'epoch': 0.06}
{'loss': 0.3531, 'grad_norm': 6.485975742340088, 'learning_rate': 7.9155672823219e-06, 'epoch': 0.07}
{'loss': 0.3646, 'grad_norm': 9.341106414794922, 'learning_rate': 9.234828496042218e-06, 'epoch': 0.08}
{'loss': 0.3592, 'grad_norm': 10.553277969360352, 'learning_rate': 1.0554089709762533e-05, 'epoch': 0.1}
{'loss': 0.3157, 'grad_norm': 10.068081855773926, 'learning_rate': 1.1873350923482852e-05, 'epoch': 0.11}
{'loss': 0.3383, 'grad_norm': 11.336021423339844, 'learning_rate': 1.3192612137203167e-05, 'epoch': 0.12}
{'loss': 0.3193, 'grad_norm': 13.658357620239258, 'learning_rate': 1.4511873350923484e-05, 'epoch': 0.13}
{'loss': 0.3536, 'grad_norm': 15.190784454345703, 'learning_rate': 1.58311345646438e-05, 'epoch': 0.14}
{'loss': 0.3035, 'grad_norm': 7.265366077423096, 'learning_rate': 1.7150395778364116e-05, 'epoch': 0.15}
{'loss': 0.2977, 'grad_norm': 4.813107490539551, 'learning_rate': 1.8469656992084436e-05, 'epoch': 0.17}
{'loss': 0.2848, 'grad_norm': 5.753883361816406, 'learning_rate': 1.978891820580475e-05, 'epoch': 0.18}
{'loss': 0.301, 'grad_norm': 11.783005714416504, 'learning_rate': 1.992924528301887e-05, 'epoch': 0.19}
{'loss': 0.3046, 'grad_norm': 10.278128623962402, 'learning_rate': 1.984501347708895e-05, 'epoch': 0.2}
{'loss': 0.3175, 'grad_norm': 5.197179794311523, 'learning_rate': 1.976078167115903e-05, 'epoch': 0.21}
{'loss': 0.2647, 'grad_norm': 6.710888862609863, 'learning_rate': 1.9676549865229113e-05, 'epoch': 0.23}
{'loss': 0.2672, 'grad_norm': 11.207158088684082, 'learning_rate': 1.9592318059299192e-05, 'epoch': 0.24}
{'loss': 0.2718, 'grad_norm': 7.751180648803711, 'learning_rate': 1.9508086253369275e-05, 'epoch': 0.25}
{'loss': 0.2616, 'grad_norm': 5.27241325378418, 'learning_rate': 1.9423854447439354e-05, 'epoch': 0.26}
{'loss': 0.2451, 'grad_norm': 4.649561405181885, 'learning_rate': 1.9339622641509436e-05, 'epoch': 0.27}
{'loss': 0.2185, 'grad_norm': 3.1720685958862305, 'learning_rate': 1.9255390835579518e-05, 'epoch': 0.29}
{'loss': 0.2826, 'grad_norm': 8.62132453918457, 'learning_rate': 1.9171159029649597e-05, 'epoch': 0.3}
{'loss': 0.2421, 'grad_norm': 12.981599807739258, 'learning_rate': 1.908692722371968e-05, 'epoch': 0.31}
{'loss': 0.2451, 'grad_norm': 7.275408744812012, 'learning_rate': 1.9002695417789758e-05, 'epoch': 0.32}
{'loss': 0.2654, 'grad_norm': 1.9303897619247437, 'learning_rate': 1.891846361185984e-05, 'epoch': 0.33}
{'loss': 0.2217, 'grad_norm': 1.9134619235992432, 'learning_rate': 1.8834231805929923e-05, 'epoch': 0.34}
{'loss': 0.2627, 'grad_norm': 4.250341415405273, 'learning_rate': 1.8750000000000002e-05, 'epoch': 0.36}
{'loss': 0.2809, 'grad_norm': 9.683789253234863, 'learning_rate': 1.866576819407008e-05, 'epoch': 0.37}
{'loss': 0.1868, 'grad_norm': 6.428884983062744, 'learning_rate': 1.8581536388140163e-05, 'epoch': 0.38}
{'loss': 0.2704, 'grad_norm': 5.0086894035339355, 'learning_rate': 1.8497304582210245e-05, 'epoch': 0.39}
{'loss': 0.2064, 'grad_norm': 9.935118675231934, 'learning_rate': 1.8413072776280324e-05, 'epoch': 0.4}
{'loss': 0.2281, 'grad_norm': 3.5209908485412598, 'learning_rate': 1.8328840970350406e-05, 'epoch': 0.42}
{'loss': 0.2212, 'grad_norm': 14.224259376525879, 'learning_rate': 1.8244609164420485e-05, 'epoch': 0.43}
{'loss': 0.2504, 'grad_norm': 8.513635635375977, 'learning_rate': 1.8160377358490568e-05, 'epoch': 0.44}
{'loss': 0.2455, 'grad_norm': 3.728135824203491, 'learning_rate': 1.807614555256065e-05, 'epoch': 0.45}
{'loss': 0.2465, 'grad_norm': 11.367412567138672, 'learning_rate': 1.799191374663073e-05, 'epoch': 0.46}
{'loss': 0.1998, 'grad_norm': 17.062847137451172, 'learning_rate': 1.790768194070081e-05, 'epoch': 0.48}
{'loss': 0.2658, 'grad_norm': 5.391191482543945, 'learning_rate': 1.782345013477089e-05, 'epoch': 0.49}
{'loss': 0.2033, 'grad_norm': 6.575440406799316, 'learning_rate': 1.7739218328840972e-05, 'epoch': 0.5}
{'loss': 0.1768, 'grad_norm': 5.5595879554748535, 'learning_rate': 1.765498652291105e-05, 'epoch': 0.51}
{'loss': 0.2333, 'grad_norm': 5.166925430297852, 'learning_rate': 1.7570754716981134e-05, 'epoch': 0.52}
{'loss': 0.1711, 'grad_norm': 8.065320014953613, 'learning_rate': 1.7486522911051212e-05, 'epoch': 0.53}
{'loss': 0.2313, 'grad_norm': 2.3275694847106934, 'learning_rate': 1.7402291105121295e-05, 'epoch': 0.55}
{'loss': 0.244, 'grad_norm': 3.8298308849334717, 'learning_rate': 1.7318059299191377e-05, 'epoch': 0.56}
{'loss': 0.1998, 'grad_norm': 8.965954780578613, 'learning_rate': 1.7233827493261456e-05, 'epoch': 0.57}
{'loss': 0.218, 'grad_norm': 3.5681347846984863, 'learning_rate': 1.7149595687331538e-05, 'epoch': 0.58}
{'loss': 0.2053, 'grad_norm': 1.7839910984039307, 'learning_rate': 1.7065363881401617e-05, 'epoch': 0.59}
{'loss': 0.2077, 'grad_norm': 10.45529556274414, 'learning_rate': 1.69811320754717e-05, 'epoch': 0.61}
{'loss': 0.2137, 'grad_norm': 4.0613813400268555, 'learning_rate': 1.6896900269541782e-05, 'epoch': 0.62}
{'loss': 0.2287, 'grad_norm': 1.1810930967330933, 'learning_rate': 1.681266846361186e-05, 'epoch': 0.63}
{'loss': 0.229, 'grad_norm': 13.106546401977539, 'learning_rate': 1.6728436657681943e-05, 'epoch': 0.64}
{'loss': 0.1811, 'grad_norm': 4.492658615112305, 'learning_rate': 1.6644204851752025e-05, 'epoch': 0.65}
{'loss': 0.1858, 'grad_norm': 14.288433074951172, 'learning_rate': 1.6559973045822104e-05, 'epoch': 0.67}
{'loss': 0.2143, 'grad_norm': 2.7301621437072754, 'learning_rate': 1.6475741239892183e-05, 'epoch': 0.68}
{'loss': 0.1982, 'grad_norm': 5.661989688873291, 'learning_rate': 1.6391509433962265e-05, 'epoch': 0.69}
{'loss': 0.2127, 'grad_norm': 4.475478649139404, 'learning_rate': 1.6307277628032344e-05, 'epoch': 0.7}
{'loss': 0.2312, 'grad_norm': 9.462672233581543, 'learning_rate': 1.6223045822102427e-05, 'epoch': 0.71}
{'loss': 0.217, 'grad_norm': 0.31316596269607544, 'learning_rate': 1.613881401617251e-05, 'epoch': 0.72}
{'loss': 0.1847, 'grad_norm': 5.98275899887085, 'learning_rate': 1.6054582210242588e-05, 'epoch': 0.74}
{'loss': 0.2388, 'grad_norm': 10.890913963317871, 'learning_rate': 1.597035040431267e-05, 'epoch': 0.75}
{'loss': 0.2159, 'grad_norm': 4.277845859527588, 'learning_rate': 1.5886118598382752e-05, 'epoch': 0.76}
{'loss': 0.1736, 'grad_norm': 4.04839563369751, 'learning_rate': 1.580188679245283e-05, 'epoch': 0.77}
{'loss': 0.1789, 'grad_norm': 10.82498550415039, 'learning_rate': 1.5717654986522914e-05, 'epoch': 0.78}
{'loss': 0.2148, 'grad_norm': 14.077874183654785, 'learning_rate': 1.5633423180592992e-05, 'epoch': 0.8}
{'loss': 0.2389, 'grad_norm': 16.234447479248047, 'learning_rate': 1.5549191374663075e-05, 'epoch': 0.81}
{'loss': 0.2278, 'grad_norm': 0.4929068386554718, 'learning_rate': 1.5464959568733157e-05, 'epoch': 0.82}
{'loss': 0.1884, 'grad_norm': 4.421297073364258, 'learning_rate': 1.5380727762803236e-05, 'epoch': 0.83}
{'loss': 0.213, 'grad_norm': 0.46270084381103516, 'learning_rate': 1.5296495956873315e-05, 'epoch': 0.84}
{'loss': 0.1942, 'grad_norm': 2.9167065620422363, 'learning_rate': 1.5212264150943397e-05, 'epoch': 0.86}
{'loss': 0.1874, 'grad_norm': 18.0473690032959, 'learning_rate': 1.512803234501348e-05, 'epoch': 0.87}
{'loss': 0.1954, 'grad_norm': 0.5319632887840271, 'learning_rate': 1.504380053908356e-05, 'epoch': 0.88}
{'loss': 0.2052, 'grad_norm': 6.421072006225586, 'learning_rate': 1.495956873315364e-05, 'epoch': 0.89}
{'loss': 0.1892, 'grad_norm': 10.447288513183594, 'learning_rate': 1.487533692722372e-05, 'epoch': 0.9}
{'loss': 0.1817, 'grad_norm': 9.108269691467285, 'learning_rate': 1.4791105121293804e-05, 'epoch': 0.91}
{'loss': 0.1788, 'grad_norm': 0.2699419856071472, 'learning_rate': 1.4706873315363882e-05, 'epoch': 0.93}
{'loss': 0.1933, 'grad_norm': 25.995019912719727, 'learning_rate': 1.4622641509433963e-05, 'epoch': 0.94}
{'loss': 0.1849, 'grad_norm': 7.495611190795898, 'learning_rate': 1.4538409703504044e-05, 'epoch': 0.95}
{'loss': 0.1772, 'grad_norm': 0.7891527414321899, 'learning_rate': 1.4454177897574124e-05, 'epoch': 0.96}
{'loss': 0.1913, 'grad_norm': 7.965486526489258, 'learning_rate': 1.4369946091644207e-05, 'epoch': 0.97}
{'loss': 0.1742, 'grad_norm': 0.8118941187858582, 'learning_rate': 1.4285714285714287e-05, 'epoch': 0.99}
{'loss': 0.1949, 'grad_norm': 8.468155860900879, 'learning_rate': 1.4201482479784368e-05, 'epoch': 1.0}
{'loss': 0.1258, 'grad_norm': 0.15141871571540833, 'learning_rate': 1.4117250673854448e-05, 'epoch': 1.01}
{'loss': 0.1364, 'grad_norm': 14.63369369506836, 'learning_rate': 1.403301886792453e-05, 'epoch': 1.02}
{'loss': 0.1097, 'grad_norm': 16.41423988342285, 'learning_rate': 1.3948787061994611e-05, 'epoch': 1.03}
{'loss': 0.1512, 'grad_norm': 19.24165916442871, 'learning_rate': 1.3864555256064692e-05, 'epoch': 1.05}
{'loss': 0.164, 'grad_norm': 5.358443737030029, 'learning_rate': 1.378032345013477e-05, 'epoch': 1.06}
{'loss': 0.1279, 'grad_norm': 0.39866897463798523, 'learning_rate': 1.3696091644204851e-05, 'epoch': 1.07}
{'loss': 0.1445, 'grad_norm': 9.764267921447754, 'learning_rate': 1.3611859838274935e-05, 'epoch': 1.08}
{'loss': 0.1275, 'grad_norm': 21.348970413208008, 'learning_rate': 1.3527628032345014e-05, 'epoch': 1.09}
{'loss': 0.1315, 'grad_norm': 0.9462254047393799, 'learning_rate': 1.3443396226415095e-05, 'epoch': 1.1}
{'loss': 0.1224, 'grad_norm': 5.40903377532959, 'learning_rate': 1.3359164420485175e-05, 'epoch': 1.12}
{'loss': 0.1462, 'grad_norm': 18.053478240966797, 'learning_rate': 1.3274932614555258e-05, 'epoch': 1.13}
{'loss': 0.0978, 'grad_norm': 0.19684481620788574, 'learning_rate': 1.3190700808625338e-05, 'epoch': 1.14}
{'loss': 0.1457, 'grad_norm': 11.734053611755371, 'learning_rate': 1.3106469002695419e-05, 'epoch': 1.15}
{'loss': 0.1406, 'grad_norm': 0.08310489356517792, 'learning_rate': 1.30222371967655e-05, 'epoch': 1.16}
{'loss': 0.1431, 'grad_norm': 1.1418647766113281, 'learning_rate': 1.293800539083558e-05, 'epoch': 1.18}
{'loss': 0.113, 'grad_norm': 0.25359436869621277, 'learning_rate': 1.2853773584905662e-05, 'epoch': 1.19}
{'loss': 0.133, 'grad_norm': 10.625572204589844, 'learning_rate': 1.2769541778975743e-05, 'epoch': 1.2}
{'loss': 0.1305, 'grad_norm': 10.037227630615234, 'learning_rate': 1.2685309973045824e-05, 'epoch': 1.21}
{'loss': 0.1181, 'grad_norm': 8.209617614746094, 'learning_rate': 1.2601078167115903e-05, 'epoch': 1.22}
{'loss': 0.1684, 'grad_norm': 0.8363891243934631, 'learning_rate': 1.2516846361185987e-05, 'epoch': 1.24}
{'loss': 0.1381, 'grad_norm': 22.129213333129883, 'learning_rate': 1.2432614555256065e-05, 'epoch': 1.25}
{'loss': 0.1465, 'grad_norm': 9.782059669494629, 'learning_rate': 1.2348382749326146e-05, 'epoch': 1.26}
{'loss': 0.0875, 'grad_norm': 0.26143646240234375, 'learning_rate': 1.2264150943396227e-05, 'epoch': 1.27}
{'loss': 0.1311, 'grad_norm': 0.1026807427406311, 'learning_rate': 1.2179919137466307e-05, 'epoch': 1.28}
{'loss': 0.168, 'grad_norm': 8.57618236541748, 'learning_rate': 1.209568733153639e-05, 'epoch': 1.29}
{'loss': 0.1251, 'grad_norm': 0.17477107048034668, 'learning_rate': 1.201145552560647e-05, 'epoch': 1.31}
{'loss': 0.1392, 'grad_norm': 0.6243236064910889, 'learning_rate': 1.192722371967655e-05, 'epoch': 1.32}
{'loss': 0.1242, 'grad_norm': 13.535961151123047, 'learning_rate': 1.1842991913746631e-05, 'epoch': 1.33}
{'loss': 0.1089, 'grad_norm': 12.475946426391602, 'learning_rate': 1.1758760107816714e-05, 'epoch': 1.34}
{'loss': 0.1097, 'grad_norm': 0.24330930411815643, 'learning_rate': 1.1674528301886794e-05, 'epoch': 1.35}
{'loss': 0.1369, 'grad_norm': 19.5263614654541, 'learning_rate': 1.1590296495956875e-05, 'epoch': 1.37}
{'loss': 0.115, 'grad_norm': 18.12508773803711, 'learning_rate': 1.1506064690026955e-05, 'epoch': 1.38}
{'loss': 0.108, 'grad_norm': 16.36168098449707, 'learning_rate': 1.1421832884097034e-05, 'epoch': 1.39}
{'loss': 0.1345, 'grad_norm': 0.11871925741434097, 'learning_rate': 1.1337601078167118e-05, 'epoch': 1.4}
{'loss': 0.1711, 'grad_norm': 1.675655484199524, 'learning_rate': 1.1253369272237197e-05, 'epoch': 1.41}
{'loss': 0.1341, 'grad_norm': 0.3151075541973114, 'learning_rate': 1.1169137466307278e-05, 'epoch': 1.43}
{'loss': 0.126, 'grad_norm': 0.4654761850833893, 'learning_rate': 1.1084905660377358e-05, 'epoch': 1.44}
{'loss': 0.1513, 'grad_norm': 11.874361038208008, 'learning_rate': 1.100067385444744e-05, 'epoch': 1.45}
{'loss': 0.1371, 'grad_norm': 0.06225190684199333, 'learning_rate': 1.0916442048517521e-05, 'epoch': 1.46}
{'loss': 0.1358, 'grad_norm': 0.5347831845283508, 'learning_rate': 1.0832210242587602e-05, 'epoch': 1.47}
{'loss': 0.1262, 'grad_norm': 3.7199339866638184, 'learning_rate': 1.0747978436657683e-05, 'epoch': 1.48}
{'loss': 0.1355, 'grad_norm': 15.838386535644531, 'learning_rate': 1.0663746630727763e-05, 'epoch': 1.5}
{'loss': 0.1303, 'grad_norm': 0.3896758258342743, 'learning_rate': 1.0579514824797845e-05, 'epoch': 1.51}
{'loss': 0.1165, 'grad_norm': 11.179519653320312, 'learning_rate': 1.0495283018867926e-05, 'epoch': 1.52}
{'loss': 0.1211, 'grad_norm': 0.16779224574565887, 'learning_rate': 1.0411051212938007e-05, 'epoch': 1.53}
{'loss': 0.1604, 'grad_norm': 6.596185684204102, 'learning_rate': 1.0326819407008086e-05, 'epoch': 1.54}
{'loss': 0.115, 'grad_norm': 16.253454208374023, 'learning_rate': 1.024258760107817e-05, 'epoch': 1.56}
{'loss': 0.0883, 'grad_norm': 0.263927161693573, 'learning_rate': 1.0158355795148248e-05, 'epoch': 1.57}
{'loss': 0.1669, 'grad_norm': 8.530117988586426, 'learning_rate': 1.0074123989218329e-05, 'epoch': 1.58}
{'loss': 0.1144, 'grad_norm': 0.6218352913856506, 'learning_rate': 9.989892183288411e-06, 'epoch': 1.59}
{'loss': 0.1185, 'grad_norm': 12.408041000366211, 'learning_rate': 9.905660377358492e-06, 'epoch': 1.6}
{'loss': 0.178, 'grad_norm': 1.743754267692566, 'learning_rate': 9.821428571428573e-06, 'epoch': 1.62}
{'loss': 0.1354, 'grad_norm': 6.840963363647461, 'learning_rate': 9.737196765498653e-06, 'epoch': 1.63}
{'loss': 0.1376, 'grad_norm': 8.537145614624023, 'learning_rate': 9.652964959568734e-06, 'epoch': 1.64}
{'loss': 0.108, 'grad_norm': 0.11585089564323425, 'learning_rate': 9.568733153638814e-06, 'epoch': 1.65}
{'loss': 0.1526, 'grad_norm': 1.1710753440856934, 'learning_rate': 9.484501347708895e-06, 'epoch': 1.66}
{'loss': 0.1231, 'grad_norm': 0.10945285856723785, 'learning_rate': 9.400269541778977e-06, 'epoch': 1.67}
{'loss': 0.1181, 'grad_norm': 0.1644161194562912, 'learning_rate': 9.316037735849058e-06, 'epoch': 1.69}
{'loss': 0.166, 'grad_norm': 0.10701469331979752, 'learning_rate': 9.231805929919138e-06, 'epoch': 1.7}
{'loss': 0.1094, 'grad_norm': 14.668889999389648, 'learning_rate': 9.147574123989219e-06, 'epoch': 1.71}
{'loss': 0.1555, 'grad_norm': 0.48175156116485596, 'learning_rate': 9.0633423180593e-06, 'epoch': 1.72}
{'loss': 0.1447, 'grad_norm': 15.088873863220215, 'learning_rate': 8.97911051212938e-06, 'epoch': 1.73}
{'loss': 0.1133, 'grad_norm': 0.1057947501540184, 'learning_rate': 8.89487870619946e-06, 'epoch': 1.75}
{'loss': 0.1252, 'grad_norm': 1.971373438835144, 'learning_rate': 8.810646900269543e-06, 'epoch': 1.76}
{'loss': 0.1358, 'grad_norm': 4.1911420822143555, 'learning_rate': 8.726415094339624e-06, 'epoch': 1.77}
{'loss': 0.1435, 'grad_norm': 12.485222816467285, 'learning_rate': 8.642183288409704e-06, 'epoch': 1.78}
{'loss': 0.1771, 'grad_norm': 5.994819164276123, 'learning_rate': 8.557951482479785e-06, 'epoch': 1.79}
{'loss': 0.1098, 'grad_norm': 6.113243579864502, 'learning_rate': 8.473719676549867e-06, 'epoch': 1.81}
{'loss': 0.1253, 'grad_norm': 7.412852764129639, 'learning_rate': 8.389487870619946e-06, 'epoch': 1.82}
{'loss': 0.1485, 'grad_norm': 1.4888694286346436, 'learning_rate': 8.305256064690027e-06, 'epoch': 1.83}
{'loss': 0.1196, 'grad_norm': 0.09859152138233185, 'learning_rate': 8.221024258760109e-06, 'epoch': 1.84}
{'loss': 0.1178, 'grad_norm': 0.07890719175338745, 'learning_rate': 8.13679245283019e-06, 'epoch': 1.85}
{'loss': 0.1304, 'grad_norm': 0.42723435163497925, 'learning_rate': 8.05256064690027e-06, 'epoch': 1.86}
{'loss': 0.1359, 'grad_norm': 9.308456420898438, 'learning_rate': 7.96832884097035e-06, 'epoch': 1.88}
{'loss': 0.157, 'grad_norm': 0.6587064862251282, 'learning_rate': 7.884097035040431e-06, 'epoch': 1.89}
{'loss': 0.1198, 'grad_norm': 6.446332931518555, 'learning_rate': 7.799865229110512e-06, 'epoch': 1.9}
{'loss': 0.1392, 'grad_norm': 14.961627960205078, 'learning_rate': 7.715633423180594e-06, 'epoch': 1.91}
{'loss': 0.162, 'grad_norm': 8.052176475524902, 'learning_rate': 7.631401617250675e-06, 'epoch': 1.92}
{'loss': 0.1001, 'grad_norm': 0.12388907372951508, 'learning_rate': 7.5471698113207555e-06, 'epoch': 1.94}
{'loss': 0.1231, 'grad_norm': 4.446565628051758, 'learning_rate': 7.462938005390836e-06, 'epoch': 1.95}
{'loss': 0.1013, 'grad_norm': 0.16587401926517487, 'learning_rate': 7.378706199460917e-06, 'epoch': 1.96}
{'loss': 0.1452, 'grad_norm': 1.853773832321167, 'learning_rate': 7.294474393530998e-06, 'epoch': 1.97}
{'loss': 0.1345, 'grad_norm': 9.886841773986816, 'learning_rate': 7.210242587601079e-06, 'epoch': 1.98}
{'loss': 0.1063, 'grad_norm': 0.5816233158111572, 'learning_rate': 7.12601078167116e-06, 'epoch': 2.0}
{'loss': 0.0957, 'grad_norm': 0.13721023499965668, 'learning_rate': 7.04177897574124e-06, 'epoch': 2.01}
{'loss': 0.0853, 'grad_norm': 0.23999205231666565, 'learning_rate': 6.957547169811321e-06, 'epoch': 2.02}
{'loss': 0.0951, 'grad_norm': 0.23922006785869598, 'learning_rate': 6.873315363881402e-06, 'epoch': 2.03}
{'loss': 0.1003, 'grad_norm': 0.14538218080997467, 'learning_rate': 6.7890835579514834e-06, 'epoch': 2.04}
{'loss': 0.0689, 'grad_norm': 0.052330851554870605, 'learning_rate': 6.704851752021564e-06, 'epoch': 2.05}
{'loss': 0.0417, 'grad_norm': 0.25214144587516785, 'learning_rate': 6.620619946091645e-06, 'epoch': 2.07}
{'loss': 0.0884, 'grad_norm': 1.0051558017730713, 'learning_rate': 6.536388140161726e-06, 'epoch': 2.08}
{'loss': 0.1097, 'grad_norm': 0.2673189342021942, 'learning_rate': 6.452156334231806e-06, 'epoch': 2.09}
{'loss': 0.09, 'grad_norm': 13.17016887664795, 'learning_rate': 6.367924528301887e-06, 'epoch': 2.1}
{'loss': 0.0587, 'grad_norm': 27.234609603881836, 'learning_rate': 6.283692722371968e-06, 'epoch': 2.11}
{'loss': 0.1037, 'grad_norm': 0.06332305818796158, 'learning_rate': 6.199460916442049e-06, 'epoch': 2.13}
{'loss': 0.0819, 'grad_norm': 0.054353587329387665, 'learning_rate': 6.11522911051213e-06, 'epoch': 2.14}
{'loss': 0.09, 'grad_norm': 0.10686278343200684, 'learning_rate': 6.030997304582211e-06, 'epoch': 2.15}
{'loss': 0.0582, 'grad_norm': 8.125825881958008, 'learning_rate': 5.946765498652292e-06, 'epoch': 2.16}
{'loss': 0.1257, 'grad_norm': 0.21006569266319275, 'learning_rate': 5.862533692722372e-06, 'epoch': 2.17}
{'loss': 0.0859, 'grad_norm': 7.841076850891113, 'learning_rate': 5.778301886792453e-06, 'epoch': 2.19}
{'loss': 0.0737, 'grad_norm': 7.699845790863037, 'learning_rate': 5.694070080862534e-06, 'epoch': 2.2}
{'loss': 0.1051, 'grad_norm': 0.8682547807693481, 'learning_rate': 5.609838274932615e-06, 'epoch': 2.21}
{'loss': 0.0974, 'grad_norm': 5.400080680847168, 'learning_rate': 5.525606469002696e-06, 'epoch': 2.22}
{'loss': 0.083, 'grad_norm': 8.214929580688477, 'learning_rate': 5.441374663072777e-06, 'epoch': 2.23}
{'loss': 0.0874, 'grad_norm': 11.0995512008667, 'learning_rate': 5.357142857142857e-06, 'epoch': 2.24}
{'loss': 0.0848, 'grad_norm': 22.99112319946289, 'learning_rate': 5.2729110512129385e-06, 'epoch': 2.26}
{'loss': 0.0864, 'grad_norm': 0.8448214530944824, 'learning_rate': 5.188679245283019e-06, 'epoch': 2.27}
{'loss': 0.0672, 'grad_norm': 0.030153265222907066, 'learning_rate': 5.1044474393531e-06, 'epoch': 2.28}
{'loss': 0.0776, 'grad_norm': 19.87259864807129, 'learning_rate': 5.020215633423181e-06, 'epoch': 2.29}
{'loss': 0.1128, 'grad_norm': 0.03914862126111984, 'learning_rate': 4.935983827493262e-06, 'epoch': 2.3}
{'loss': 0.076, 'grad_norm': 0.05519556254148483, 'learning_rate': 4.851752021563343e-06, 'epoch': 2.32}
{'loss': 0.1012, 'grad_norm': 19.16337013244629, 'learning_rate': 4.767520215633424e-06, 'epoch': 2.33}
{'loss': 0.0877, 'grad_norm': 5.441452503204346, 'learning_rate': 4.683288409703504e-06, 'epoch': 2.34}
{'loss': 0.0688, 'grad_norm': 5.36627721786499, 'learning_rate': 4.599056603773585e-06, 'epoch': 2.35}
{'loss': 0.0804, 'grad_norm': 0.15899540483951569, 'learning_rate': 4.5148247978436664e-06, 'epoch': 2.36}
{'loss': 0.1272, 'grad_norm': 12.042695999145508, 'learning_rate': 4.430592991913747e-06, 'epoch': 2.38}
{'loss': 0.1087, 'grad_norm': 0.13070324063301086, 'learning_rate': 4.346361185983828e-06, 'epoch': 2.39}
{'loss': 0.0809, 'grad_norm': 0.036165520548820496, 'learning_rate': 4.262129380053909e-06, 'epoch': 2.4}
{'loss': 0.0847, 'grad_norm': 13.13033676147461, 'learning_rate': 4.17789757412399e-06, 'epoch': 2.41}
{'loss': 0.0994, 'grad_norm': 5.72902774810791, 'learning_rate': 4.09366576819407e-06, 'epoch': 2.42}
{'loss': 0.0874, 'grad_norm': 0.1346520036458969, 'learning_rate': 4.009433962264152e-06, 'epoch': 2.43}
{'loss': 0.1059, 'grad_norm': 18.90572738647461, 'learning_rate': 3.9252021563342315e-06, 'epoch': 2.45}
{'loss': 0.0599, 'grad_norm': 0.745023250579834, 'learning_rate': 3.840970350404313e-06, 'epoch': 2.46}
{'loss': 0.0817, 'grad_norm': 0.07712894678115845, 'learning_rate': 3.7567385444743935e-06, 'epoch': 2.47}
{'loss': 0.0843, 'grad_norm': 0.3984474837779999, 'learning_rate': 3.6725067385444746e-06, 'epoch': 2.48}
{'loss': 0.1281, 'grad_norm': 8.794303894042969, 'learning_rate': 3.5882749326145556e-06, 'epoch': 2.49}
{'loss': 0.062, 'grad_norm': 0.4779161512851715, 'learning_rate': 3.5040431266846366e-06, 'epoch': 2.51}
{'loss': 0.1099, 'grad_norm': 17.520862579345703, 'learning_rate': 3.419811320754717e-06, 'epoch': 2.52}
{'loss': 0.0897, 'grad_norm': 5.272674083709717, 'learning_rate': 3.3355795148247982e-06, 'epoch': 2.53}
{'loss': 0.1028, 'grad_norm': 0.07243648171424866, 'learning_rate': 3.2513477088948792e-06, 'epoch': 2.54}
{'loss': 0.0965, 'grad_norm': 0.1513325572013855, 'learning_rate': 3.1671159029649603e-06, 'epoch': 2.55}
{'loss': 0.0606, 'grad_norm': 0.12179593741893768, 'learning_rate': 3.0828840970350405e-06, 'epoch': 2.57}
{'loss': 0.0716, 'grad_norm': 0.1021139994263649, 'learning_rate': 2.9986522911051215e-06, 'epoch': 2.58}
{'loss': 0.0992, 'grad_norm': 0.14924737811088562, 'learning_rate': 2.914420485175202e-06, 'epoch': 2.59}
{'loss': 0.074, 'grad_norm': 3.9784600734710693, 'learning_rate': 2.830188679245283e-06, 'epoch': 2.6}
{'loss': 0.0879, 'grad_norm': 13.143674850463867, 'learning_rate': 2.745956873315364e-06, 'epoch': 2.61}
{'loss': 0.0907, 'grad_norm': 9.215964317321777, 'learning_rate': 2.661725067385445e-06, 'epoch': 2.62}
{'loss': 0.0601, 'grad_norm': 0.14548256993293762, 'learning_rate': 2.5774932614555257e-06, 'epoch': 2.64}
{'loss': 0.1027, 'grad_norm': 13.445908546447754, 'learning_rate': 2.4932614555256063e-06, 'epoch': 2.65}
{'loss': 0.0993, 'grad_norm': 6.118651390075684, 'learning_rate': 2.4090296495956874e-06, 'epoch': 2.66}
{'loss': 0.0857, 'grad_norm': 35.75676345825195, 'learning_rate': 2.3247978436657684e-06, 'epoch': 2.67}
{'loss': 0.1077, 'grad_norm': 0.08290951699018478, 'learning_rate': 2.2405660377358494e-06, 'epoch': 2.68}
{'loss': 0.081, 'grad_norm': 0.31769388914108276, 'learning_rate': 2.15633423180593e-06, 'epoch': 2.7}
{'loss': 0.0739, 'grad_norm': 0.3100802004337311, 'learning_rate': 2.072102425876011e-06, 'epoch': 2.71}
{'loss': 0.0684, 'grad_norm': 10.29000186920166, 'learning_rate': 1.9878706199460916e-06, 'epoch': 2.72}
{'loss': 0.0769, 'grad_norm': 0.24345047771930695, 'learning_rate': 1.9036388140161727e-06, 'epoch': 2.73}
{'loss': 0.0857, 'grad_norm': 33.62154006958008, 'learning_rate': 1.8194070080862537e-06, 'epoch': 2.74}
{'loss': 0.096, 'grad_norm': 2.9986143112182617, 'learning_rate': 1.7351752021563345e-06, 'epoch': 2.76}
{'loss': 0.0752, 'grad_norm': 5.8902997970581055, 'learning_rate': 1.650943396226415e-06, 'epoch': 2.77}
{'loss': 0.091, 'grad_norm': 3.8119993209838867, 'learning_rate': 1.5667115902964961e-06, 'epoch': 2.78}
{'loss': 0.0849, 'grad_norm': 0.07479879260063171, 'learning_rate': 1.482479784366577e-06, 'epoch': 2.79}
{'loss': 0.08, 'grad_norm': 0.30188778042793274, 'learning_rate': 1.398247978436658e-06, 'epoch': 2.8}
{'loss': 0.0741, 'grad_norm': 11.745553016662598, 'learning_rate': 1.3140161725067386e-06, 'epoch': 2.81}
{'loss': 0.0887, 'grad_norm': 6.562358856201172, 'learning_rate': 1.2297843665768196e-06, 'epoch': 2.83}
{'loss': 0.11, 'grad_norm': 38.92675018310547, 'learning_rate': 1.1455525606469004e-06, 'epoch': 2.84}
{'loss': 0.1071, 'grad_norm': 0.048745594918727875, 'learning_rate': 1.0613207547169812e-06, 'epoch': 2.85}
{'loss': 0.0745, 'grad_norm': 12.731525421142578, 'learning_rate': 9.77088948787062e-07, 'epoch': 2.86}
{'loss': 0.0662, 'grad_norm': 16.94591522216797, 'learning_rate': 8.928571428571429e-07, 'epoch': 2.87}
{'loss': 0.0713, 'grad_norm': 33.96721649169922, 'learning_rate': 8.086253369272238e-07, 'epoch': 2.89}
{'loss': 0.1028, 'grad_norm': 6.509899139404297, 'learning_rate': 7.243935309973047e-07, 'epoch': 2.9}
{'loss': 0.105, 'grad_norm': 9.440581321716309, 'learning_rate': 6.401617250673856e-07, 'epoch': 2.91}
{'loss': 0.0507, 'grad_norm': 0.06722453981637955, 'learning_rate': 5.559299191374663e-07, 'epoch': 2.92}
{'loss': 0.0582, 'grad_norm': 0.14782258868217468, 'learning_rate': 4.716981132075472e-07, 'epoch': 2.93}
{'loss': 0.0835, 'grad_norm': 28.83183479309082, 'learning_rate': 3.874663072776281e-07, 'epoch': 2.95}
{'loss': 0.0846, 'grad_norm': 0.17442242801189423, 'learning_rate': 3.0323450134770895e-07, 'epoch': 2.96}
{'loss': 0.1094, 'grad_norm': 11.724507331848145, 'learning_rate': 2.190026954177898e-07, 'epoch': 2.97}
{'loss': 0.094, 'grad_norm': 12.546463012695312, 'learning_rate': 1.3477088948787063e-07, 'epoch': 2.98}
{'loss': 0.0923, 'grad_norm': 0.7207756042480469, 'learning_rate': 5.0539083557951485e-08, 'epoch': 2.99}
{'train_runtime': 280.8303, 'train_samples_per_second': 719.463, 'train_steps_per_second': 44.974, 'train_loss': 0.15915433052316696, 'epoch': 3.0}
Evaluating clean validation: distilbert_sst2
Evaluating noisy validation: distilbert_sst2

----- Downstream model: distilgpt2_sst2 (decoder_only) -----
{'loss': 6.8537, 'grad_norm': 120.75807189941406, 'learning_rate': 1.3192612137203166e-06, 'epoch': 0.01}
{'loss': 2.1274, 'grad_norm': 35.22340393066406, 'learning_rate': 2.6385224274406333e-06, 'epoch': 0.02}
{'loss': 0.6708, 'grad_norm': 57.953453063964844, 'learning_rate': 3.95778364116095e-06, 'epoch': 0.04}
{'loss': 0.5608, 'grad_norm': 22.6434383392334, 'learning_rate': 5.2770448548812665e-06, 'epoch': 0.05}
{'loss': 0.4337, 'grad_norm': 12.912958145141602, 'learning_rate': 6.596306068601583e-06, 'epoch': 0.06}
{'loss': 0.4031, 'grad_norm': 12.58841609954834, 'learning_rate': 7.9155672823219e-06, 'epoch': 0.07}
{'loss': 0.4213, 'grad_norm': 23.974456787109375, 'learning_rate': 9.234828496042218e-06, 'epoch': 0.08}
{'loss': 0.3844, 'grad_norm': 19.199052810668945, 'learning_rate': 1.0554089709762533e-05, 'epoch': 0.1}
{'loss': 0.4001, 'grad_norm': 36.06190872192383, 'learning_rate': 1.1873350923482852e-05, 'epoch': 0.11}
{'loss': 0.3813, 'grad_norm': 15.132664680480957, 'learning_rate': 1.3192612137203167e-05, 'epoch': 0.12}
{'loss': 0.3427, 'grad_norm': 23.577634811401367, 'learning_rate': 1.4511873350923484e-05, 'epoch': 0.13}
{'loss': 0.4035, 'grad_norm': 7.198056697845459, 'learning_rate': 1.58311345646438e-05, 'epoch': 0.14}
{'loss': 0.3577, 'grad_norm': 9.236958503723145, 'learning_rate': 1.7150395778364116e-05, 'epoch': 0.15}
{'loss': 0.3463, 'grad_norm': 7.133660316467285, 'learning_rate': 1.8469656992084436e-05, 'epoch': 0.17}
{'loss': 0.3562, 'grad_norm': 7.043548583984375, 'learning_rate': 1.978891820580475e-05, 'epoch': 0.18}
{'loss': 0.3481, 'grad_norm': 23.25032615661621, 'learning_rate': 1.992924528301887e-05, 'epoch': 0.19}
{'loss': 0.3435, 'grad_norm': 9.172700881958008, 'learning_rate': 1.984501347708895e-05, 'epoch': 0.2}
{'loss': 0.349, 'grad_norm': 35.01210403442383, 'learning_rate': 1.976078167115903e-05, 'epoch': 0.21}
{'loss': 0.3331, 'grad_norm': 5.133511066436768, 'learning_rate': 1.9676549865229113e-05, 'epoch': 0.23}
{'loss': 0.3312, 'grad_norm': 12.574416160583496, 'learning_rate': 1.9592318059299192e-05, 'epoch': 0.24}
{'loss': 0.3338, 'grad_norm': 37.29694747924805, 'learning_rate': 1.9508086253369275e-05, 'epoch': 0.25}
{'loss': 0.3149, 'grad_norm': 15.326308250427246, 'learning_rate': 1.9423854447439354e-05, 'epoch': 0.26}
{'loss': 0.2985, 'grad_norm': 6.747839450836182, 'learning_rate': 1.9339622641509436e-05, 'epoch': 0.27}
{'loss': 0.2622, 'grad_norm': 12.272071838378906, 'learning_rate': 1.9255390835579518e-05, 'epoch': 0.29}
{'loss': 0.2887, 'grad_norm': 16.57457733154297, 'learning_rate': 1.9171159029649597e-05, 'epoch': 0.3}
{'loss': 0.2844, 'grad_norm': 20.65311622619629, 'learning_rate': 1.908692722371968e-05, 'epoch': 0.31}
{'loss': 0.2718, 'grad_norm': 7.768223285675049, 'learning_rate': 1.9002695417789758e-05, 'epoch': 0.32}
{'loss': 0.2614, 'grad_norm': 12.427273750305176, 'learning_rate': 1.891846361185984e-05, 'epoch': 0.33}
{'loss': 0.2751, 'grad_norm': 4.30902099609375, 'learning_rate': 1.8834231805929923e-05, 'epoch': 0.34}
{'loss': 0.2889, 'grad_norm': 3.487208843231201, 'learning_rate': 1.8750000000000002e-05, 'epoch': 0.36}
{'loss': 0.287, 'grad_norm': 10.31529426574707, 'learning_rate': 1.866576819407008e-05, 'epoch': 0.37}
{'loss': 0.2673, 'grad_norm': 13.360766410827637, 'learning_rate': 1.8581536388140163e-05, 'epoch': 0.38}
{'loss': 0.2923, 'grad_norm': 11.12057876586914, 'learning_rate': 1.8497304582210245e-05, 'epoch': 0.39}
{'loss': 0.2808, 'grad_norm': 13.881790161132812, 'learning_rate': 1.8413072776280324e-05, 'epoch': 0.4}
{'loss': 0.2578, 'grad_norm': 25.472843170166016, 'learning_rate': 1.8328840970350406e-05, 'epoch': 0.42}
{'loss': 0.2944, 'grad_norm': 15.239511489868164, 'learning_rate': 1.8244609164420485e-05, 'epoch': 0.43}
{'loss': 0.2715, 'grad_norm': 10.3552885055542, 'learning_rate': 1.8160377358490568e-05, 'epoch': 0.44}
{'loss': 0.2993, 'grad_norm': 7.582698822021484, 'learning_rate': 1.807614555256065e-05, 'epoch': 0.45}
{'loss': 0.2764, 'grad_norm': 18.217390060424805, 'learning_rate': 1.799191374663073e-05, 'epoch': 0.46}
{'loss': 0.2305, 'grad_norm': 9.243149757385254, 'learning_rate': 1.790768194070081e-05, 'epoch': 0.48}
{'loss': 0.3111, 'grad_norm': 11.538457870483398, 'learning_rate': 1.782345013477089e-05, 'epoch': 0.49}
{'loss': 0.2546, 'grad_norm': 16.726640701293945, 'learning_rate': 1.7739218328840972e-05, 'epoch': 0.5}
{'loss': 0.2206, 'grad_norm': 8.410479545593262, 'learning_rate': 1.765498652291105e-05, 'epoch': 0.51}
{'loss': 0.2796, 'grad_norm': 5.910078525543213, 'learning_rate': 1.7570754716981134e-05, 'epoch': 0.52}
{'loss': 0.2384, 'grad_norm': 12.945039749145508, 'learning_rate': 1.7486522911051212e-05, 'epoch': 0.53}
{'loss': 0.2472, 'grad_norm': 6.451751232147217, 'learning_rate': 1.7402291105121295e-05, 'epoch': 0.55}
{'loss': 0.2904, 'grad_norm': 12.483809471130371, 'learning_rate': 1.7318059299191377e-05, 'epoch': 0.56}
{'loss': 0.2276, 'grad_norm': 24.812591552734375, 'learning_rate': 1.7233827493261456e-05, 'epoch': 0.57}
{'loss': 0.2641, 'grad_norm': 7.093067169189453, 'learning_rate': 1.7149595687331538e-05, 'epoch': 0.58}
{'loss': 0.2488, 'grad_norm': 3.3690295219421387, 'learning_rate': 1.7065363881401617e-05, 'epoch': 0.59}
{'loss': 0.2502, 'grad_norm': 23.820959091186523, 'learning_rate': 1.69811320754717e-05, 'epoch': 0.61}
{'loss': 0.2628, 'grad_norm': 23.209043502807617, 'learning_rate': 1.6896900269541782e-05, 'epoch': 0.62}
{'loss': 0.2551, 'grad_norm': 11.11701774597168, 'learning_rate': 1.681266846361186e-05, 'epoch': 0.63}
{'loss': 0.2432, 'grad_norm': 5.663070201873779, 'learning_rate': 1.6728436657681943e-05, 'epoch': 0.64}
{'loss': 0.2565, 'grad_norm': 20.137556076049805, 'learning_rate': 1.6644204851752025e-05, 'epoch': 0.65}
{'loss': 0.2355, 'grad_norm': 12.813328742980957, 'learning_rate': 1.6559973045822104e-05, 'epoch': 0.67}
{'loss': 0.2318, 'grad_norm': 3.95324444770813, 'learning_rate': 1.6475741239892183e-05, 'epoch': 0.68}
{'loss': 0.238, 'grad_norm': 5.466361999511719, 'learning_rate': 1.6391509433962265e-05, 'epoch': 0.69}
{'loss': 0.2614, 'grad_norm': 6.066103458404541, 'learning_rate': 1.6307277628032344e-05, 'epoch': 0.7}
{'loss': 0.2661, 'grad_norm': 21.615924835205078, 'learning_rate': 1.6223045822102427e-05, 'epoch': 0.71}
{'loss': 0.249, 'grad_norm': 11.8770170211792, 'learning_rate': 1.613881401617251e-05, 'epoch': 0.72}
{'loss': 0.2442, 'grad_norm': 21.847457885742188, 'learning_rate': 1.6054582210242588e-05, 'epoch': 0.74}
{'loss': 0.254, 'grad_norm': 17.00083351135254, 'learning_rate': 1.597035040431267e-05, 'epoch': 0.75}
{'loss': 0.2273, 'grad_norm': 7.84762716293335, 'learning_rate': 1.5886118598382752e-05, 'epoch': 0.76}
{'loss': 0.2444, 'grad_norm': 17.077390670776367, 'learning_rate': 1.580188679245283e-05, 'epoch': 0.77}
{'loss': 0.2062, 'grad_norm': 5.549673080444336, 'learning_rate': 1.5717654986522914e-05, 'epoch': 0.78}
{'loss': 0.2357, 'grad_norm': 38.75557327270508, 'learning_rate': 1.5633423180592992e-05, 'epoch': 0.8}
{'loss': 0.2573, 'grad_norm': 14.500617980957031, 'learning_rate': 1.5549191374663075e-05, 'epoch': 0.81}
{'loss': 0.2481, 'grad_norm': 10.99648666381836, 'learning_rate': 1.5464959568733157e-05, 'epoch': 0.82}
{'loss': 0.2114, 'grad_norm': 4.87709379196167, 'learning_rate': 1.5380727762803236e-05, 'epoch': 0.83}
{'loss': 0.2605, 'grad_norm': 20.972686767578125, 'learning_rate': 1.5296495956873315e-05, 'epoch': 0.84}
{'loss': 0.2099, 'grad_norm': 13.21851634979248, 'learning_rate': 1.5212264150943397e-05, 'epoch': 0.86}
{'loss': 0.2222, 'grad_norm': 15.418769836425781, 'learning_rate': 1.512803234501348e-05, 'epoch': 0.87}
{'loss': 0.2622, 'grad_norm': 10.207791328430176, 'learning_rate': 1.504380053908356e-05, 'epoch': 0.88}
{'loss': 0.2563, 'grad_norm': 2.066520929336548, 'learning_rate': 1.495956873315364e-05, 'epoch': 0.89}
{'loss': 0.2244, 'grad_norm': 13.633737564086914, 'learning_rate': 1.487533692722372e-05, 'epoch': 0.9}
{'loss': 0.2104, 'grad_norm': 10.155374526977539, 'learning_rate': 1.4791105121293804e-05, 'epoch': 0.91}
{'loss': 0.1807, 'grad_norm': 4.898827075958252, 'learning_rate': 1.4706873315363882e-05, 'epoch': 0.93}
{'loss': 0.2463, 'grad_norm': 19.996435165405273, 'learning_rate': 1.4622641509433963e-05, 'epoch': 0.94}
{'loss': 0.2448, 'grad_norm': 23.17822265625, 'learning_rate': 1.4538409703504044e-05, 'epoch': 0.95}
{'loss': 0.2083, 'grad_norm': 13.061334609985352, 'learning_rate': 1.4454177897574124e-05, 'epoch': 0.96}
{'loss': 0.2107, 'grad_norm': 6.497200965881348, 'learning_rate': 1.4369946091644207e-05, 'epoch': 0.97}
{'loss': 0.2241, 'grad_norm': 13.097355842590332, 'learning_rate': 1.4285714285714287e-05, 'epoch': 0.99}
{'loss': 0.2467, 'grad_norm': 11.371219635009766, 'learning_rate': 1.4201482479784368e-05, 'epoch': 1.0}
{'loss': 0.1939, 'grad_norm': 16.79901885986328, 'learning_rate': 1.4117250673854448e-05, 'epoch': 1.01}
{'loss': 0.2048, 'grad_norm': 10.238958358764648, 'learning_rate': 1.403301886792453e-05, 'epoch': 1.02}
{'loss': 0.1951, 'grad_norm': 14.287779808044434, 'learning_rate': 1.3948787061994611e-05, 'epoch': 1.03}
{'loss': 0.2599, 'grad_norm': 33.80131912231445, 'learning_rate': 1.3864555256064692e-05, 'epoch': 1.05}
{'loss': 0.2094, 'grad_norm': 17.538785934448242, 'learning_rate': 1.378032345013477e-05, 'epoch': 1.06}
{'loss': 0.1871, 'grad_norm': 23.320331573486328, 'learning_rate': 1.3696091644204851e-05, 'epoch': 1.07}
{'loss': 0.1643, 'grad_norm': 8.96695327758789, 'learning_rate': 1.3611859838274935e-05, 'epoch': 1.08}
{'loss': 0.1971, 'grad_norm': 30.460954666137695, 'learning_rate': 1.3527628032345014e-05, 'epoch': 1.09}
{'loss': 0.1898, 'grad_norm': 14.645346641540527, 'learning_rate': 1.3443396226415095e-05, 'epoch': 1.1}
{'loss': 0.1733, 'grad_norm': 13.039493560791016, 'learning_rate': 1.3359164420485175e-05, 'epoch': 1.12}
{'loss': 0.1944, 'grad_norm': 3.7155916690826416, 'learning_rate': 1.3274932614555258e-05, 'epoch': 1.13}
{'loss': 0.215, 'grad_norm': 4.881838798522949, 'learning_rate': 1.3190700808625338e-05, 'epoch': 1.14}
{'loss': 0.221, 'grad_norm': 24.923017501831055, 'learning_rate': 1.3106469002695419e-05, 'epoch': 1.15}
{'loss': 0.1902, 'grad_norm': 17.635543823242188, 'learning_rate': 1.30222371967655e-05, 'epoch': 1.16}
{'loss': 0.211, 'grad_norm': 7.999650001525879, 'learning_rate': 1.293800539083558e-05, 'epoch': 1.18}
{'loss': 0.1838, 'grad_norm': 11.545071601867676, 'learning_rate': 1.2853773584905662e-05, 'epoch': 1.19}
{'loss': 0.1894, 'grad_norm': 4.5974955558776855, 'learning_rate': 1.2769541778975743e-05, 'epoch': 1.2}
{'loss': 0.206, 'grad_norm': 9.655460357666016, 'learning_rate': 1.2685309973045824e-05, 'epoch': 1.21}
{'loss': 0.1807, 'grad_norm': 2.4242677688598633, 'learning_rate': 1.2601078167115903e-05, 'epoch': 1.22}
{'loss': 0.1889, 'grad_norm': 2.066833734512329, 'learning_rate': 1.2516846361185987e-05, 'epoch': 1.24}
{'loss': 0.2107, 'grad_norm': 18.98678970336914, 'learning_rate': 1.2432614555256065e-05, 'epoch': 1.25}
{'loss': 0.1818, 'grad_norm': 18.404052734375, 'learning_rate': 1.2348382749326146e-05, 'epoch': 1.26}
{'loss': 0.154, 'grad_norm': 11.329280853271484, 'learning_rate': 1.2264150943396227e-05, 'epoch': 1.27}
{'loss': 0.1952, 'grad_norm': 0.30691659450531006, 'learning_rate': 1.2179919137466307e-05, 'epoch': 1.28}
{'loss': 0.1979, 'grad_norm': 20.536571502685547, 'learning_rate': 1.209568733153639e-05, 'epoch': 1.29}
{'loss': 0.1957, 'grad_norm': 16.327838897705078, 'learning_rate': 1.201145552560647e-05, 'epoch': 1.31}
{'loss': 0.2205, 'grad_norm': 15.862424850463867, 'learning_rate': 1.192722371967655e-05, 'epoch': 1.32}
{'loss': 0.1883, 'grad_norm': 19.951309204101562, 'learning_rate': 1.1842991913746631e-05, 'epoch': 1.33}
{'loss': 0.1876, 'grad_norm': 12.401368141174316, 'learning_rate': 1.1758760107816714e-05, 'epoch': 1.34}
{'loss': 0.1591, 'grad_norm': 8.901067733764648, 'learning_rate': 1.1674528301886794e-05, 'epoch': 1.35}
{'loss': 0.2114, 'grad_norm': 10.478261947631836, 'learning_rate': 1.1590296495956875e-05, 'epoch': 1.37}
{'loss': 0.1771, 'grad_norm': 8.924857139587402, 'learning_rate': 1.1506064690026955e-05, 'epoch': 1.38}
{'loss': 0.1757, 'grad_norm': 15.792683601379395, 'learning_rate': 1.1421832884097034e-05, 'epoch': 1.39}
{'loss': 0.1564, 'grad_norm': 9.026215553283691, 'learning_rate': 1.1337601078167118e-05, 'epoch': 1.4}
{'loss': 0.22, 'grad_norm': 6.771438121795654, 'learning_rate': 1.1253369272237197e-05, 'epoch': 1.41}
{'loss': 0.1485, 'grad_norm': 14.69628620147705, 'learning_rate': 1.1169137466307278e-05, 'epoch': 1.43}
{'loss': 0.2063, 'grad_norm': 8.199477195739746, 'learning_rate': 1.1084905660377358e-05, 'epoch': 1.44}
{'loss': 0.2054, 'grad_norm': 3.690732717514038, 'learning_rate': 1.100067385444744e-05, 'epoch': 1.45}
{'loss': 0.2154, 'grad_norm': 10.257344245910645, 'learning_rate': 1.0916442048517521e-05, 'epoch': 1.46}
{'loss': 0.1637, 'grad_norm': 18.57887840270996, 'learning_rate': 1.0832210242587602e-05, 'epoch': 1.47}
{'loss': 0.179, 'grad_norm': 0.1894058883190155, 'learning_rate': 1.0747978436657683e-05, 'epoch': 1.48}
{'loss': 0.2107, 'grad_norm': 24.009366989135742, 'learning_rate': 1.0663746630727763e-05, 'epoch': 1.5}
{'loss': 0.1864, 'grad_norm': 3.1133933067321777, 'learning_rate': 1.0579514824797845e-05, 'epoch': 1.51}
{'loss': 0.1732, 'grad_norm': 14.450968742370605, 'learning_rate': 1.0495283018867926e-05, 'epoch': 1.52}
{'loss': 0.1974, 'grad_norm': 7.542219161987305, 'learning_rate': 1.0411051212938007e-05, 'epoch': 1.53}
{'loss': 0.193, 'grad_norm': 24.569223403930664, 'learning_rate': 1.0326819407008086e-05, 'epoch': 1.54}
{'loss': 0.1564, 'grad_norm': 8.278165817260742, 'learning_rate': 1.024258760107817e-05, 'epoch': 1.56}
{'loss': 0.1366, 'grad_norm': 9.738911628723145, 'learning_rate': 1.0158355795148248e-05, 'epoch': 1.57}
{'loss': 0.263, 'grad_norm': 7.946774959564209, 'learning_rate': 1.0074123989218329e-05, 'epoch': 1.58}
{'loss': 0.178, 'grad_norm': 0.9459772706031799, 'learning_rate': 9.989892183288411e-06, 'epoch': 1.59}
{'loss': 0.162, 'grad_norm': 13.619956016540527, 'learning_rate': 9.905660377358492e-06, 'epoch': 1.6}
{'loss': 0.2119, 'grad_norm': 19.530372619628906, 'learning_rate': 9.821428571428573e-06, 'epoch': 1.62}
{'loss': 0.158, 'grad_norm': 13.722139358520508, 'learning_rate': 9.737196765498653e-06, 'epoch': 1.63}
{'loss': 0.184, 'grad_norm': 3.9007415771484375, 'learning_rate': 9.652964959568734e-06, 'epoch': 1.64}
{'loss': 0.1498, 'grad_norm': 0.8240577578544617, 'learning_rate': 9.568733153638814e-06, 'epoch': 1.65}
{'loss': 0.1883, 'grad_norm': 2.3450629711151123, 'learning_rate': 9.484501347708895e-06, 'epoch': 1.66}
{'loss': 0.1343, 'grad_norm': 0.2080780565738678, 'learning_rate': 9.400269541778977e-06, 'epoch': 1.67}
{'loss': 0.1741, 'grad_norm': 9.239434242248535, 'learning_rate': 9.316037735849058e-06, 'epoch': 1.69}
{'loss': 0.2519, 'grad_norm': 11.723179817199707, 'learning_rate': 9.231805929919138e-06, 'epoch': 1.7}
{'loss': 0.1716, 'grad_norm': 3.395042896270752, 'learning_rate': 9.147574123989219e-06, 'epoch': 1.71}
{'loss': 0.1958, 'grad_norm': 3.6177170276641846, 'learning_rate': 9.0633423180593e-06, 'epoch': 1.72}
{'loss': 0.1753, 'grad_norm': 35.52645492553711, 'learning_rate': 8.97911051212938e-06, 'epoch': 1.73}
{'loss': 0.1638, 'grad_norm': 0.4517784118652344, 'learning_rate': 8.89487870619946e-06, 'epoch': 1.75}
{'loss': 0.1265, 'grad_norm': 10.485725402832031, 'learning_rate': 8.810646900269543e-06, 'epoch': 1.76}
{'loss': 0.1827, 'grad_norm': 12.196354866027832, 'learning_rate': 8.726415094339624e-06, 'epoch': 1.77}
{'loss': 0.258, 'grad_norm': 12.786436080932617, 'learning_rate': 8.642183288409704e-06, 'epoch': 1.78}
{'loss': 0.2133, 'grad_norm': 33.25968933105469, 'learning_rate': 8.557951482479785e-06, 'epoch': 1.79}
{'loss': 0.1493, 'grad_norm': 16.40772247314453, 'learning_rate': 8.473719676549867e-06, 'epoch': 1.81}
{'loss': 0.1894, 'grad_norm': 3.9078471660614014, 'learning_rate': 8.389487870619946e-06, 'epoch': 1.82}
{'loss': 0.2024, 'grad_norm': 14.015999794006348, 'learning_rate': 8.305256064690027e-06, 'epoch': 1.83}
{'loss': 0.1834, 'grad_norm': 0.24351444840431213, 'learning_rate': 8.221024258760109e-06, 'epoch': 1.84}
{'loss': 0.147, 'grad_norm': 0.35960638523101807, 'learning_rate': 8.13679245283019e-06, 'epoch': 1.85}
{'loss': 0.194, 'grad_norm': 12.884164810180664, 'learning_rate': 8.05256064690027e-06, 'epoch': 1.86}
{'loss': 0.1823, 'grad_norm': 3.3597817420959473, 'learning_rate': 7.96832884097035e-06, 'epoch': 1.88}
{'loss': 0.2115, 'grad_norm': 9.574792861938477, 'learning_rate': 7.884097035040431e-06, 'epoch': 1.89}
{'loss': 0.1618, 'grad_norm': 20.574609756469727, 'learning_rate': 7.799865229110512e-06, 'epoch': 1.9}
{'loss': 0.1993, 'grad_norm': 7.183825969696045, 'learning_rate': 7.715633423180594e-06, 'epoch': 1.91}
{'loss': 0.2093, 'grad_norm': 15.50404167175293, 'learning_rate': 7.631401617250675e-06, 'epoch': 1.92}
{'loss': 0.1551, 'grad_norm': 12.742063522338867, 'learning_rate': 7.5471698113207555e-06, 'epoch': 1.94}
{'loss': 0.1658, 'grad_norm': 16.919921875, 'learning_rate': 7.462938005390836e-06, 'epoch': 1.95}
{'loss': 0.2173, 'grad_norm': 1.097732663154602, 'learning_rate': 7.378706199460917e-06, 'epoch': 1.96}
{'loss': 0.1736, 'grad_norm': 1.1211086511611938, 'learning_rate': 7.294474393530998e-06, 'epoch': 1.97}
{'loss': 0.2009, 'grad_norm': 18.49480438232422, 'learning_rate': 7.210242587601079e-06, 'epoch': 1.98}
{'loss': 0.111, 'grad_norm': 18.21639633178711, 'learning_rate': 7.12601078167116e-06, 'epoch': 2.0}
{'loss': 0.1695, 'grad_norm': 0.3864881098270416, 'learning_rate': 7.04177897574124e-06, 'epoch': 2.01}
{'loss': 0.1521, 'grad_norm': 5.521855354309082, 'learning_rate': 6.957547169811321e-06, 'epoch': 2.02}
{'loss': 0.1575, 'grad_norm': 9.986454010009766, 'learning_rate': 6.873315363881402e-06, 'epoch': 2.03}
{'loss': 0.1882, 'grad_norm': 6.530792713165283, 'learning_rate': 6.7890835579514834e-06, 'epoch': 2.04}
{'loss': 0.1379, 'grad_norm': 0.4337775409221649, 'learning_rate': 6.704851752021564e-06, 'epoch': 2.05}
{'loss': 0.1329, 'grad_norm': 25.13222312927246, 'learning_rate': 6.620619946091645e-06, 'epoch': 2.07}
{'loss': 0.1718, 'grad_norm': 17.424701690673828, 'learning_rate': 6.536388140161726e-06, 'epoch': 2.08}
{'loss': 0.1853, 'grad_norm': 3.339839220046997, 'learning_rate': 6.452156334231806e-06, 'epoch': 2.09}
{'loss': 0.0979, 'grad_norm': 13.002455711364746, 'learning_rate': 6.367924528301887e-06, 'epoch': 2.1}
{'loss': 0.1283, 'grad_norm': 14.651135444641113, 'learning_rate': 6.283692722371968e-06, 'epoch': 2.11}
{'loss': 0.1976, 'grad_norm': 18.615779876708984, 'learning_rate': 6.199460916442049e-06, 'epoch': 2.13}
{'loss': 0.1448, 'grad_norm': 0.12334221601486206, 'learning_rate': 6.11522911051213e-06, 'epoch': 2.14}
{'loss': 0.149, 'grad_norm': 1.5702924728393555, 'learning_rate': 6.030997304582211e-06, 'epoch': 2.15}
{'loss': 0.1457, 'grad_norm': 17.174907684326172, 'learning_rate': 5.946765498652292e-06, 'epoch': 2.16}
{'loss': 0.2074, 'grad_norm': 2.559542655944824, 'learning_rate': 5.862533692722372e-06, 'epoch': 2.17}
{'loss': 0.1602, 'grad_norm': 11.56698226928711, 'learning_rate': 5.778301886792453e-06, 'epoch': 2.19}
{'loss': 0.1273, 'grad_norm': 11.972197532653809, 'learning_rate': 5.694070080862534e-06, 'epoch': 2.2}
{'loss': 0.1789, 'grad_norm': 1.6984895467758179, 'learning_rate': 5.609838274932615e-06, 'epoch': 2.21}
{'loss': 0.171, 'grad_norm': 18.161666870117188, 'learning_rate': 5.525606469002696e-06, 'epoch': 2.22}
{'loss': 0.112, 'grad_norm': 6.236875057220459, 'learning_rate': 5.441374663072777e-06, 'epoch': 2.23}
{'loss': 0.1858, 'grad_norm': 22.540529251098633, 'learning_rate': 5.357142857142857e-06, 'epoch': 2.24}
{'loss': 0.147, 'grad_norm': 15.021522521972656, 'learning_rate': 5.2729110512129385e-06, 'epoch': 2.26}
{'loss': 0.1679, 'grad_norm': 13.281020164489746, 'learning_rate': 5.188679245283019e-06, 'epoch': 2.27}
{'loss': 0.1431, 'grad_norm': 0.48621484637260437, 'learning_rate': 5.1044474393531e-06, 'epoch': 2.28}
{'loss': 0.1424, 'grad_norm': 13.233495712280273, 'learning_rate': 5.020215633423181e-06, 'epoch': 2.29}
{'loss': 0.1937, 'grad_norm': 1.0478609800338745, 'learning_rate': 4.935983827493262e-06, 'epoch': 2.3}
{'loss': 0.1254, 'grad_norm': 0.4174283444881439, 'learning_rate': 4.851752021563343e-06, 'epoch': 2.32}
{'loss': 0.2002, 'grad_norm': 20.8151798248291, 'learning_rate': 4.767520215633424e-06, 'epoch': 2.33}
{'loss': 0.1399, 'grad_norm': 10.24825668334961, 'learning_rate': 4.683288409703504e-06, 'epoch': 2.34}
{'loss': 0.1286, 'grad_norm': 15.409152030944824, 'learning_rate': 4.599056603773585e-06, 'epoch': 2.35}
{'loss': 0.1263, 'grad_norm': 9.86909008026123, 'learning_rate': 4.5148247978436664e-06, 'epoch': 2.36}
{'loss': 0.2063, 'grad_norm': 10.472121238708496, 'learning_rate': 4.430592991913747e-06, 'epoch': 2.38}
{'loss': 0.1621, 'grad_norm': 2.982311487197876, 'learning_rate': 4.346361185983828e-06, 'epoch': 2.39}
{'loss': 0.1622, 'grad_norm': 9.001069068908691, 'learning_rate': 4.262129380053909e-06, 'epoch': 2.4}
{'loss': 0.1557, 'grad_norm': 10.086645126342773, 'learning_rate': 4.17789757412399e-06, 'epoch': 2.41}
{'loss': 0.1965, 'grad_norm': 12.174619674682617, 'learning_rate': 4.09366576819407e-06, 'epoch': 2.42}
{'loss': 0.1736, 'grad_norm': 5.9908833503723145, 'learning_rate': 4.009433962264152e-06, 'epoch': 2.43}
{'loss': 0.1694, 'grad_norm': 17.0424861907959, 'learning_rate': 3.9252021563342315e-06, 'epoch': 2.45}
{'loss': 0.1184, 'grad_norm': 7.032541751861572, 'learning_rate': 3.840970350404313e-06, 'epoch': 2.46}
{'loss': 0.1176, 'grad_norm': 3.3247201442718506, 'learning_rate': 3.7567385444743935e-06, 'epoch': 2.47}
{'loss': 0.1596, 'grad_norm': 13.309070587158203, 'learning_rate': 3.6725067385444746e-06, 'epoch': 2.48}
{'loss': 0.1718, 'grad_norm': 10.035116195678711, 'learning_rate': 3.5882749326145556e-06, 'epoch': 2.49}
{'loss': 0.1359, 'grad_norm': 1.3848358392715454, 'learning_rate': 3.5040431266846366e-06, 'epoch': 2.51}
{'loss': 0.1531, 'grad_norm': 1.2729096412658691, 'learning_rate': 3.419811320754717e-06, 'epoch': 2.52}
{'loss': 0.1728, 'grad_norm': 11.517386436462402, 'learning_rate': 3.3355795148247982e-06, 'epoch': 2.53}
{'loss': 0.1756, 'grad_norm': 3.122426986694336, 'learning_rate': 3.2513477088948792e-06, 'epoch': 2.54}
{'loss': 0.1455, 'grad_norm': 1.1896159648895264, 'learning_rate': 3.1671159029649603e-06, 'epoch': 2.55}
{'loss': 0.1321, 'grad_norm': 17.751211166381836, 'learning_rate': 3.0828840970350405e-06, 'epoch': 2.57}
{'loss': 0.1518, 'grad_norm': 2.5931029319763184, 'learning_rate': 2.9986522911051215e-06, 'epoch': 2.58}
{'loss': 0.1902, 'grad_norm': 12.832229614257812, 'learning_rate': 2.914420485175202e-06, 'epoch': 2.59}
{'loss': 0.166, 'grad_norm': 9.232316017150879, 'learning_rate': 2.830188679245283e-06, 'epoch': 2.6}
{'loss': 0.1496, 'grad_norm': 6.179204940795898, 'learning_rate': 2.745956873315364e-06, 'epoch': 2.61}
{'loss': 0.1864, 'grad_norm': 13.096747398376465, 'learning_rate': 2.661725067385445e-06, 'epoch': 2.62}
{'loss': 0.1386, 'grad_norm': 2.487105131149292, 'learning_rate': 2.5774932614555257e-06, 'epoch': 2.64}
{'loss': 0.1737, 'grad_norm': 2.4538750648498535, 'learning_rate': 2.4932614555256063e-06, 'epoch': 2.65}
{'loss': 0.1383, 'grad_norm': 9.856218338012695, 'learning_rate': 2.4090296495956874e-06, 'epoch': 2.66}
{'loss': 0.1363, 'grad_norm': 1.2683502435684204, 'learning_rate': 2.3247978436657684e-06, 'epoch': 2.67}
{'loss': 0.1442, 'grad_norm': 5.220911026000977, 'learning_rate': 2.2405660377358494e-06, 'epoch': 2.68}
{'loss': 0.1293, 'grad_norm': 12.329798698425293, 'learning_rate': 2.15633423180593e-06, 'epoch': 2.7}
{'loss': 0.1462, 'grad_norm': 15.322830200195312, 'learning_rate': 2.072102425876011e-06, 'epoch': 2.71}
{'loss': 0.1004, 'grad_norm': 10.56849479675293, 'learning_rate': 1.9878706199460916e-06, 'epoch': 2.72}
{'loss': 0.1423, 'grad_norm': 2.539933204650879, 'learning_rate': 1.9036388140161727e-06, 'epoch': 2.73}
{'loss': 0.1371, 'grad_norm': 24.43758201599121, 'learning_rate': 1.8194070080862537e-06, 'epoch': 2.74}
{'loss': 0.1506, 'grad_norm': 0.6535549759864807, 'learning_rate': 1.7351752021563345e-06, 'epoch': 2.76}
{'loss': 0.1208, 'grad_norm': 14.48199462890625, 'learning_rate': 1.650943396226415e-06, 'epoch': 2.77}
{'loss': 0.1712, 'grad_norm': 12.772661209106445, 'learning_rate': 1.5667115902964961e-06, 'epoch': 2.78}
{'loss': 0.1782, 'grad_norm': 14.745630264282227, 'learning_rate': 1.482479784366577e-06, 'epoch': 2.79}
{'loss': 0.1182, 'grad_norm': 18.1818790435791, 'learning_rate': 1.398247978436658e-06, 'epoch': 2.8}
{'loss': 0.1379, 'grad_norm': 2.2144510746002197, 'learning_rate': 1.3140161725067386e-06, 'epoch': 2.81}
{'loss': 0.1737, 'grad_norm': 12.266680717468262, 'learning_rate': 1.2297843665768196e-06, 'epoch': 2.83}
{'loss': 0.1846, 'grad_norm': 3.565858840942383, 'learning_rate': 1.1455525606469004e-06, 'epoch': 2.84}
{'loss': 0.1124, 'grad_norm': 7.062145233154297, 'learning_rate': 1.0613207547169812e-06, 'epoch': 2.85}
{'loss': 0.1853, 'grad_norm': 24.225025177001953, 'learning_rate': 9.77088948787062e-07, 'epoch': 2.86}
{'loss': 0.1099, 'grad_norm': 6.815895080566406, 'learning_rate': 8.928571428571429e-07, 'epoch': 2.87}
{'loss': 0.1188, 'grad_norm': 1.6066097021102905, 'learning_rate': 8.086253369272238e-07, 'epoch': 2.89}
{'loss': 0.1719, 'grad_norm': 15.079535484313965, 'learning_rate': 7.243935309973047e-07, 'epoch': 2.9}
{'loss': 0.1527, 'grad_norm': 9.9596529006958, 'learning_rate': 6.401617250673856e-07, 'epoch': 2.91}
{'loss': 0.1203, 'grad_norm': 3.912614583969116, 'learning_rate': 5.559299191374663e-07, 'epoch': 2.92}
{'loss': 0.147, 'grad_norm': 0.5954006910324097, 'learning_rate': 4.716981132075472e-07, 'epoch': 2.93}
{'loss': 0.1485, 'grad_norm': 14.752429962158203, 'learning_rate': 3.874663072776281e-07, 'epoch': 2.95}
{'loss': 0.1572, 'grad_norm': 6.418560028076172, 'learning_rate': 3.0323450134770895e-07, 'epoch': 2.96}
{'loss': 0.1577, 'grad_norm': 17.064687728881836, 'learning_rate': 2.190026954177898e-07, 'epoch': 2.97}
{'loss': 0.1367, 'grad_norm': 26.476470947265625, 'learning_rate': 1.3477088948787063e-07, 'epoch': 2.98}
{'loss': 0.1648, 'grad_norm': 33.22562026977539, 'learning_rate': 5.0539083557951485e-08, 'epoch': 2.99}
{'train_runtime': 430.8748, 'train_samples_per_second': 468.923, 'train_steps_per_second': 29.312, 'train_loss': 0.24217601037648398, 'epoch': 3.0}
Evaluating clean validation: distilgpt2_sst2
Evaluating noisy validation: distilgpt2_sst2

----- Downstream model: t5small_sst2 (encoder_decoder) -----
{'loss': 7.8136, 'grad_norm': 53.607418060302734, 'learning_rate': 1.3192612137203166e-06, 'epoch': 0.01}
{'loss': 7.3855, 'grad_norm': 38.847042083740234, 'learning_rate': 2.6385224274406333e-06, 'epoch': 0.02}
{'loss': 6.2113, 'grad_norm': 25.989273071289062, 'learning_rate': 3.95778364116095e-06, 'epoch': 0.04}
{'loss': 4.8032, 'grad_norm': 277.0493469238281, 'learning_rate': 5.2770448548812665e-06, 'epoch': 0.05}
{'loss': 3.24, 'grad_norm': 23.486408233642578, 'learning_rate': 6.596306068601583e-06, 'epoch': 0.06}
{'loss': 1.0965, 'grad_norm': 4.4963274002075195, 'learning_rate': 7.9155672823219e-06, 'epoch': 0.07}
{'loss': 0.2903, 'grad_norm': 2.173678398132324, 'learning_rate': 9.234828496042218e-06, 'epoch': 0.08}
{'loss': 0.1995, 'grad_norm': 2.048962354660034, 'learning_rate': 1.0554089709762533e-05, 'epoch': 0.1}
{'loss': 0.1922, 'grad_norm': 12.012462615966797, 'learning_rate': 1.1873350923482852e-05, 'epoch': 0.11}
{'loss': 0.1751, 'grad_norm': 2.670929193496704, 'learning_rate': 1.3192612137203167e-05, 'epoch': 0.12}
{'loss': 0.1462, 'grad_norm': 2.6352593898773193, 'learning_rate': 1.4511873350923484e-05, 'epoch': 0.13}
{'loss': 0.176, 'grad_norm': 2.961456298828125, 'learning_rate': 1.58311345646438e-05, 'epoch': 0.14}
{'loss': 0.133, 'grad_norm': 1.9211825132369995, 'learning_rate': 1.7150395778364116e-05, 'epoch': 0.15}
{'loss': 0.1409, 'grad_norm': 3.0241007804870605, 'learning_rate': 1.8469656992084436e-05, 'epoch': 0.17}
{'loss': 0.141, 'grad_norm': 2.5924248695373535, 'learning_rate': 1.978891820580475e-05, 'epoch': 0.18}
{'loss': 0.1523, 'grad_norm': 2.5151822566986084, 'learning_rate': 1.992924528301887e-05, 'epoch': 0.19}
{'loss': 0.1529, 'grad_norm': 2.675734758377075, 'learning_rate': 1.984501347708895e-05, 'epoch': 0.2}
{'loss': 0.1571, 'grad_norm': 2.708552360534668, 'learning_rate': 1.976078167115903e-05, 'epoch': 0.21}
{'loss': 0.1344, 'grad_norm': 3.347522735595703, 'learning_rate': 1.9676549865229113e-05, 'epoch': 0.23}
{'loss': 0.1301, 'grad_norm': 5.1614089012146, 'learning_rate': 1.9592318059299192e-05, 'epoch': 0.24}
{'loss': 0.1343, 'grad_norm': 3.847292184829712, 'learning_rate': 1.9508086253369275e-05, 'epoch': 0.25}
{'loss': 0.1459, 'grad_norm': 2.4696624279022217, 'learning_rate': 1.9423854447439354e-05, 'epoch': 0.26}
{'loss': 0.1385, 'grad_norm': 0.6951102018356323, 'learning_rate': 1.9339622641509436e-05, 'epoch': 0.27}
{'loss': 0.1309, 'grad_norm': 2.984565019607544, 'learning_rate': 1.9255390835579518e-05, 'epoch': 0.29}
{'loss': 0.1205, 'grad_norm': 1.1901897192001343, 'learning_rate': 1.9171159029649597e-05, 'epoch': 0.3}
{'loss': 0.1394, 'grad_norm': 2.0776355266571045, 'learning_rate': 1.908692722371968e-05, 'epoch': 0.31}
{'loss': 0.1304, 'grad_norm': 1.4373573064804077, 'learning_rate': 1.9002695417789758e-05, 'epoch': 0.32}
{'loss': 0.119, 'grad_norm': 2.8763322830200195, 'learning_rate': 1.891846361185984e-05, 'epoch': 0.33}
{'loss': 0.118, 'grad_norm': 2.746250629425049, 'learning_rate': 1.8834231805929923e-05, 'epoch': 0.34}
{'loss': 0.1513, 'grad_norm': 0.9577332139015198, 'learning_rate': 1.8750000000000002e-05, 'epoch': 0.36}
{'loss': 0.1423, 'grad_norm': 3.251487970352173, 'learning_rate': 1.866576819407008e-05, 'epoch': 0.37}
{'loss': 0.1145, 'grad_norm': 5.020648956298828, 'learning_rate': 1.8581536388140163e-05, 'epoch': 0.38}
{'loss': 0.1308, 'grad_norm': 1.7596408128738403, 'learning_rate': 1.8497304582210245e-05, 'epoch': 0.39}
{'loss': 0.1128, 'grad_norm': 4.072951793670654, 'learning_rate': 1.8413072776280324e-05, 'epoch': 0.4}
{'loss': 0.1343, 'grad_norm': 3.781013250350952, 'learning_rate': 1.8328840970350406e-05, 'epoch': 0.42}
{'loss': 0.1226, 'grad_norm': 7.532677173614502, 'learning_rate': 1.8244609164420485e-05, 'epoch': 0.43}
{'loss': 0.1419, 'grad_norm': 4.720449924468994, 'learning_rate': 1.8160377358490568e-05, 'epoch': 0.44}
{'loss': 0.1387, 'grad_norm': 2.050879716873169, 'learning_rate': 1.807614555256065e-05, 'epoch': 0.45}
{'loss': 0.1096, 'grad_norm': 5.128864765167236, 'learning_rate': 1.799191374663073e-05, 'epoch': 0.46}
{'loss': 0.116, 'grad_norm': 2.61370849609375, 'learning_rate': 1.790768194070081e-05, 'epoch': 0.48}
{'loss': 0.1462, 'grad_norm': 0.4663706123828888, 'learning_rate': 1.782345013477089e-05, 'epoch': 0.49}
{'loss': 0.1109, 'grad_norm': 2.4626197814941406, 'learning_rate': 1.7739218328840972e-05, 'epoch': 0.5}
{'loss': 0.1119, 'grad_norm': 1.5154298543930054, 'learning_rate': 1.765498652291105e-05, 'epoch': 0.51}
{'loss': 0.1365, 'grad_norm': 1.7908869981765747, 'learning_rate': 1.7570754716981134e-05, 'epoch': 0.52}
{'loss': 0.1183, 'grad_norm': 0.8373811841011047, 'learning_rate': 1.7486522911051212e-05, 'epoch': 0.53}
{'loss': 0.1175, 'grad_norm': 0.4797697067260742, 'learning_rate': 1.7402291105121295e-05, 'epoch': 0.55}
{'loss': 0.1457, 'grad_norm': 1.6086927652359009, 'learning_rate': 1.7318059299191377e-05, 'epoch': 0.56}
{'loss': 0.1212, 'grad_norm': 2.7942707538604736, 'learning_rate': 1.7233827493261456e-05, 'epoch': 0.57}
{'loss': 0.1346, 'grad_norm': 1.6479592323303223, 'learning_rate': 1.7149595687331538e-05, 'epoch': 0.58}
{'loss': 0.1326, 'grad_norm': 0.9185587763786316, 'learning_rate': 1.7065363881401617e-05, 'epoch': 0.59}
{'loss': 0.1174, 'grad_norm': 1.113419532775879, 'learning_rate': 1.69811320754717e-05, 'epoch': 0.61}
{'loss': 0.1274, 'grad_norm': 2.0839383602142334, 'learning_rate': 1.6896900269541782e-05, 'epoch': 0.62}
{'loss': 0.1252, 'grad_norm': 3.1302759647369385, 'learning_rate': 1.681266846361186e-05, 'epoch': 0.63}
{'loss': 0.1198, 'grad_norm': 1.1120309829711914, 'learning_rate': 1.6728436657681943e-05, 'epoch': 0.64}
{'loss': 0.1186, 'grad_norm': 0.5791205763816833, 'learning_rate': 1.6644204851752025e-05, 'epoch': 0.65}
{'loss': 0.1227, 'grad_norm': 2.9954640865325928, 'learning_rate': 1.6559973045822104e-05, 'epoch': 0.67}
{'loss': 0.1229, 'grad_norm': 2.521247148513794, 'learning_rate': 1.6475741239892183e-05, 'epoch': 0.68}
{'loss': 0.1112, 'grad_norm': 2.5653626918792725, 'learning_rate': 1.6391509433962265e-05, 'epoch': 0.69}
{'loss': 0.1373, 'grad_norm': 2.3136146068573, 'learning_rate': 1.6307277628032344e-05, 'epoch': 0.7}
{'loss': 0.1135, 'grad_norm': 2.9706199169158936, 'learning_rate': 1.6223045822102427e-05, 'epoch': 0.71}
{'loss': 0.1205, 'grad_norm': 1.5232309103012085, 'learning_rate': 1.613881401617251e-05, 'epoch': 0.72}
{'loss': 0.1251, 'grad_norm': 1.722669005393982, 'learning_rate': 1.6054582210242588e-05, 'epoch': 0.74}
{'loss': 0.122, 'grad_norm': 2.668402910232544, 'learning_rate': 1.597035040431267e-05, 'epoch': 0.75}
{'loss': 0.1331, 'grad_norm': 1.9897887706756592, 'learning_rate': 1.5886118598382752e-05, 'epoch': 0.76}
{'loss': 0.1094, 'grad_norm': 2.877458095550537, 'learning_rate': 1.580188679245283e-05, 'epoch': 0.77}
{'loss': 0.1025, 'grad_norm': 2.0097930431365967, 'learning_rate': 1.5717654986522914e-05, 'epoch': 0.78}
{'loss': 0.1185, 'grad_norm': 4.3895368576049805, 'learning_rate': 1.5633423180592992e-05, 'epoch': 0.8}
{'loss': 0.1424, 'grad_norm': 3.293879508972168, 'learning_rate': 1.5549191374663075e-05, 'epoch': 0.81}
{'loss': 0.1229, 'grad_norm': 0.8956880569458008, 'learning_rate': 1.5464959568733157e-05, 'epoch': 0.82}
{'loss': 0.1243, 'grad_norm': 1.9869762659072876, 'learning_rate': 1.5380727762803236e-05, 'epoch': 0.83}
{'loss': 0.1364, 'grad_norm': 1.629004716873169, 'learning_rate': 1.5296495956873315e-05, 'epoch': 0.84}
{'loss': 0.1271, 'grad_norm': 1.7982069253921509, 'learning_rate': 1.5212264150943397e-05, 'epoch': 0.86}
{'loss': 0.1117, 'grad_norm': 0.7206571698188782, 'learning_rate': 1.512803234501348e-05, 'epoch': 0.87}
{'loss': 0.1102, 'grad_norm': 1.7178845405578613, 'learning_rate': 1.504380053908356e-05, 'epoch': 0.88}
{'loss': 0.119, 'grad_norm': 3.8191452026367188, 'learning_rate': 1.495956873315364e-05, 'epoch': 0.89}
{'loss': 0.1188, 'grad_norm': 1.866539478302002, 'learning_rate': 1.487533692722372e-05, 'epoch': 0.9}
{'loss': 0.1074, 'grad_norm': 3.419339656829834, 'learning_rate': 1.4791105121293804e-05, 'epoch': 0.91}
{'loss': 0.1117, 'grad_norm': 2.420616388320923, 'learning_rate': 1.4706873315363882e-05, 'epoch': 0.93}
{'loss': 0.1152, 'grad_norm': 3.59084415435791, 'learning_rate': 1.4622641509433963e-05, 'epoch': 0.94}
{'loss': 0.122, 'grad_norm': 3.0008461475372314, 'learning_rate': 1.4538409703504044e-05, 'epoch': 0.95}
{'loss': 0.1199, 'grad_norm': 2.119415760040283, 'learning_rate': 1.4454177897574124e-05, 'epoch': 0.96}
{'loss': 0.1148, 'grad_norm': 1.844785451889038, 'learning_rate': 1.4369946091644207e-05, 'epoch': 0.97}
{'loss': 0.1169, 'grad_norm': 1.7267662286758423, 'learning_rate': 1.4285714285714287e-05, 'epoch': 0.99}
{'loss': 0.1286, 'grad_norm': 2.6318812370300293, 'learning_rate': 1.4201482479784368e-05, 'epoch': 1.0}
{'loss': 0.1084, 'grad_norm': 1.0347942113876343, 'learning_rate': 1.4117250673854448e-05, 'epoch': 1.01}
{'loss': 0.1128, 'grad_norm': 3.4668989181518555, 'learning_rate': 1.403301886792453e-05, 'epoch': 1.02}
{'loss': 0.1186, 'grad_norm': 2.6420955657958984, 'learning_rate': 1.3948787061994611e-05, 'epoch': 1.03}
{'loss': 0.1296, 'grad_norm': 1.8417701721191406, 'learning_rate': 1.3864555256064692e-05, 'epoch': 1.05}
{'loss': 0.1276, 'grad_norm': 2.4911553859710693, 'learning_rate': 1.378032345013477e-05, 'epoch': 1.06}
{'loss': 0.1132, 'grad_norm': 1.441185712814331, 'learning_rate': 1.3696091644204851e-05, 'epoch': 1.07}
{'loss': 0.1136, 'grad_norm': 3.3095667362213135, 'learning_rate': 1.3611859838274935e-05, 'epoch': 1.08}
{'loss': 0.1165, 'grad_norm': 2.016990900039673, 'learning_rate': 1.3527628032345014e-05, 'epoch': 1.09}
{'loss': 0.1065, 'grad_norm': 0.8901245594024658, 'learning_rate': 1.3443396226415095e-05, 'epoch': 1.1}
{'loss': 0.111, 'grad_norm': 1.6486775875091553, 'learning_rate': 1.3359164420485175e-05, 'epoch': 1.12}
{'loss': 0.1143, 'grad_norm': 1.6104193925857544, 'learning_rate': 1.3274932614555258e-05, 'epoch': 1.13}
{'loss': 0.1114, 'grad_norm': 3.514176607131958, 'learning_rate': 1.3190700808625338e-05, 'epoch': 1.14}
{'loss': 0.116, 'grad_norm': 3.205033779144287, 'learning_rate': 1.3106469002695419e-05, 'epoch': 1.15}
{'loss': 0.1273, 'grad_norm': 3.0306460857391357, 'learning_rate': 1.30222371967655e-05, 'epoch': 1.16}
{'loss': 0.1282, 'grad_norm': 0.16765187680721283, 'learning_rate': 1.293800539083558e-05, 'epoch': 1.18}
{'loss': 0.1147, 'grad_norm': 0.5583943128585815, 'learning_rate': 1.2853773584905662e-05, 'epoch': 1.19}
{'loss': 0.1179, 'grad_norm': 1.8102151155471802, 'learning_rate': 1.2769541778975743e-05, 'epoch': 1.2}
{'loss': 0.1233, 'grad_norm': 2.4633824825286865, 'learning_rate': 1.2685309973045824e-05, 'epoch': 1.21}
{'loss': 0.1229, 'grad_norm': 0.6512397527694702, 'learning_rate': 1.2601078167115903e-05, 'epoch': 1.22}
{'loss': 0.1014, 'grad_norm': 1.712264060974121, 'learning_rate': 1.2516846361185987e-05, 'epoch': 1.24}
{'loss': 0.1179, 'grad_norm': 2.635011911392212, 'learning_rate': 1.2432614555256065e-05, 'epoch': 1.25}
{'loss': 0.1136, 'grad_norm': 3.856431007385254, 'learning_rate': 1.2348382749326146e-05, 'epoch': 1.26}
{'loss': 0.1171, 'grad_norm': 1.447003960609436, 'learning_rate': 1.2264150943396227e-05, 'epoch': 1.27}
{'loss': 0.1142, 'grad_norm': 0.9161084294319153, 'learning_rate': 1.2179919137466307e-05, 'epoch': 1.28}
{'loss': 0.1069, 'grad_norm': 3.6248505115509033, 'learning_rate': 1.209568733153639e-05, 'epoch': 1.29}
{'loss': 0.1043, 'grad_norm': 2.425431489944458, 'learning_rate': 1.201145552560647e-05, 'epoch': 1.31}
{'loss': 0.1415, 'grad_norm': 1.2189819812774658, 'learning_rate': 1.192722371967655e-05, 'epoch': 1.32}
{'loss': 0.1002, 'grad_norm': 1.3606998920440674, 'learning_rate': 1.1842991913746631e-05, 'epoch': 1.33}
{'loss': 0.1113, 'grad_norm': 2.0934293270111084, 'learning_rate': 1.1758760107816714e-05, 'epoch': 1.34}
{'loss': 0.1174, 'grad_norm': 2.1030895709991455, 'learning_rate': 1.1674528301886794e-05, 'epoch': 1.35}
{'loss': 0.0979, 'grad_norm': 2.0543649196624756, 'learning_rate': 1.1590296495956875e-05, 'epoch': 1.37}
{'loss': 0.0964, 'grad_norm': 1.3595935106277466, 'learning_rate': 1.1506064690026955e-05, 'epoch': 1.38}
{'loss': 0.1076, 'grad_norm': 2.0507893562316895, 'learning_rate': 1.1421832884097034e-05, 'epoch': 1.39}
{'loss': 0.1071, 'grad_norm': 1.115657091140747, 'learning_rate': 1.1337601078167118e-05, 'epoch': 1.4}
{'loss': 0.1024, 'grad_norm': 1.562558889389038, 'learning_rate': 1.1253369272237197e-05, 'epoch': 1.41}
{'loss': 0.1092, 'grad_norm': 2.770994186401367, 'learning_rate': 1.1169137466307278e-05, 'epoch': 1.43}
{'loss': 0.1102, 'grad_norm': 0.5222439169883728, 'learning_rate': 1.1084905660377358e-05, 'epoch': 1.44}
{'loss': 0.1177, 'grad_norm': 2.109363079071045, 'learning_rate': 1.100067385444744e-05, 'epoch': 1.45}
{'loss': 0.1129, 'grad_norm': 2.3955771923065186, 'learning_rate': 1.0916442048517521e-05, 'epoch': 1.46}
{'loss': 0.1164, 'grad_norm': 3.2456045150756836, 'learning_rate': 1.0832210242587602e-05, 'epoch': 1.47}
{'loss': 0.1107, 'grad_norm': 0.6111612915992737, 'learning_rate': 1.0747978436657683e-05, 'epoch': 1.48}
{'loss': 0.115, 'grad_norm': 2.8555126190185547, 'learning_rate': 1.0663746630727763e-05, 'epoch': 1.5}
{'loss': 0.1197, 'grad_norm': 1.2659649848937988, 'learning_rate': 1.0579514824797845e-05, 'epoch': 1.51}
{'loss': 0.1067, 'grad_norm': 3.4856791496276855, 'learning_rate': 1.0495283018867926e-05, 'epoch': 1.52}
{'loss': 0.1121, 'grad_norm': 0.6555972695350647, 'learning_rate': 1.0411051212938007e-05, 'epoch': 1.53}
{'loss': 0.1237, 'grad_norm': 2.229684591293335, 'learning_rate': 1.0326819407008086e-05, 'epoch': 1.54}
{'loss': 0.0995, 'grad_norm': 2.177013874053955, 'learning_rate': 1.024258760107817e-05, 'epoch': 1.56}
{'loss': 0.0823, 'grad_norm': 2.1609103679656982, 'learning_rate': 1.0158355795148248e-05, 'epoch': 1.57}
{'loss': 0.1251, 'grad_norm': 0.5216017961502075, 'learning_rate': 1.0074123989218329e-05, 'epoch': 1.58}
{'loss': 0.0972, 'grad_norm': 1.120187520980835, 'learning_rate': 9.989892183288411e-06, 'epoch': 1.59}
{'loss': 0.107, 'grad_norm': 3.0562584400177, 'learning_rate': 9.905660377358492e-06, 'epoch': 1.6}
{'loss': 0.124, 'grad_norm': 2.4080653190612793, 'learning_rate': 9.821428571428573e-06, 'epoch': 1.62}
{'loss': 0.1045, 'grad_norm': 1.4656345844268799, 'learning_rate': 9.737196765498653e-06, 'epoch': 1.63}
{'loss': 0.1351, 'grad_norm': 4.3333845138549805, 'learning_rate': 9.652964959568734e-06, 'epoch': 1.64}
{'loss': 0.0924, 'grad_norm': 0.4001624882221222, 'learning_rate': 9.568733153638814e-06, 'epoch': 1.65}
{'loss': 0.1014, 'grad_norm': 1.327997088432312, 'learning_rate': 9.484501347708895e-06, 'epoch': 1.66}
{'loss': 0.1007, 'grad_norm': 2.497784376144409, 'learning_rate': 9.400269541778977e-06, 'epoch': 1.67}
{'loss': 0.0871, 'grad_norm': 1.8346291780471802, 'learning_rate': 9.316037735849058e-06, 'epoch': 1.69}
{'loss': 0.1076, 'grad_norm': 0.7013193964958191, 'learning_rate': 9.231805929919138e-06, 'epoch': 1.7}
{'loss': 0.1149, 'grad_norm': 0.5726184248924255, 'learning_rate': 9.147574123989219e-06, 'epoch': 1.71}
{'loss': 0.1125, 'grad_norm': 1.3113539218902588, 'learning_rate': 9.0633423180593e-06, 'epoch': 1.72}
{'loss': 0.1107, 'grad_norm': 2.650383234024048, 'learning_rate': 8.97911051212938e-06, 'epoch': 1.73}
{'loss': 0.1003, 'grad_norm': 0.8581945300102234, 'learning_rate': 8.89487870619946e-06, 'epoch': 1.75}
{'loss': 0.1008, 'grad_norm': 2.274925708770752, 'learning_rate': 8.810646900269543e-06, 'epoch': 1.76}
{'loss': 0.0986, 'grad_norm': 2.0909910202026367, 'learning_rate': 8.726415094339624e-06, 'epoch': 1.77}
{'loss': 0.137, 'grad_norm': 3.2081737518310547, 'learning_rate': 8.642183288409704e-06, 'epoch': 1.78}
{'loss': 0.1269, 'grad_norm': 2.7752156257629395, 'learning_rate': 8.557951482479785e-06, 'epoch': 1.79}
{'loss': 0.0768, 'grad_norm': 1.1408939361572266, 'learning_rate': 8.473719676549867e-06, 'epoch': 1.81}
{'loss': 0.1175, 'grad_norm': 0.9505441784858704, 'learning_rate': 8.389487870619946e-06, 'epoch': 1.82}
{'loss': 0.1175, 'grad_norm': 1.7160617113113403, 'learning_rate': 8.305256064690027e-06, 'epoch': 1.83}
{'loss': 0.113, 'grad_norm': 0.10100031644105911, 'learning_rate': 8.221024258760109e-06, 'epoch': 1.84}
{'loss': 0.104, 'grad_norm': 1.9057964086532593, 'learning_rate': 8.13679245283019e-06, 'epoch': 1.85}
{'loss': 0.1075, 'grad_norm': 1.0607863664627075, 'learning_rate': 8.05256064690027e-06, 'epoch': 1.86}
{'loss': 0.1075, 'grad_norm': 1.0706372261047363, 'learning_rate': 7.96832884097035e-06, 'epoch': 1.88}
{'loss': 0.1248, 'grad_norm': 1.8980276584625244, 'learning_rate': 7.884097035040431e-06, 'epoch': 1.89}
{'loss': 0.1052, 'grad_norm': 2.047203779220581, 'learning_rate': 7.799865229110512e-06, 'epoch': 1.9}
{'loss': 0.0974, 'grad_norm': 2.4040262699127197, 'learning_rate': 7.715633423180594e-06, 'epoch': 1.91}
{'loss': 0.112, 'grad_norm': 2.4304275512695312, 'learning_rate': 7.631401617250675e-06, 'epoch': 1.92}
{'loss': 0.0945, 'grad_norm': 1.0992586612701416, 'learning_rate': 7.5471698113207555e-06, 'epoch': 1.94}
{'loss': 0.11, 'grad_norm': 2.2627062797546387, 'learning_rate': 7.462938005390836e-06, 'epoch': 1.95}
{'loss': 0.0985, 'grad_norm': 1.3712352514266968, 'learning_rate': 7.378706199460917e-06, 'epoch': 1.96}
{'loss': 0.1058, 'grad_norm': 1.4974801540374756, 'learning_rate': 7.294474393530998e-06, 'epoch': 1.97}
{'loss': 0.1157, 'grad_norm': 2.219090461730957, 'learning_rate': 7.210242587601079e-06, 'epoch': 1.98}
{'loss': 0.0938, 'grad_norm': 1.7296154499053955, 'learning_rate': 7.12601078167116e-06, 'epoch': 2.0}
{'loss': 0.1139, 'grad_norm': 1.559271216392517, 'learning_rate': 7.04177897574124e-06, 'epoch': 2.01}
{'loss': 0.1058, 'grad_norm': 0.8754302263259888, 'learning_rate': 6.957547169811321e-06, 'epoch': 2.02}
{'loss': 0.1098, 'grad_norm': 0.7123727798461914, 'learning_rate': 6.873315363881402e-06, 'epoch': 2.03}
{'loss': 0.1214, 'grad_norm': 4.036712646484375, 'learning_rate': 6.7890835579514834e-06, 'epoch': 2.04}
{'loss': 0.1123, 'grad_norm': 0.8133353590965271, 'learning_rate': 6.704851752021564e-06, 'epoch': 2.05}
{'loss': 0.0974, 'grad_norm': 2.473224639892578, 'learning_rate': 6.620619946091645e-06, 'epoch': 2.07}
{'loss': 0.1012, 'grad_norm': 3.5563554763793945, 'learning_rate': 6.536388140161726e-06, 'epoch': 2.08}
{'loss': 0.1082, 'grad_norm': 1.713541865348816, 'learning_rate': 6.452156334231806e-06, 'epoch': 2.09}
{'loss': 0.073, 'grad_norm': 2.6544063091278076, 'learning_rate': 6.367924528301887e-06, 'epoch': 2.1}
{'loss': 0.1052, 'grad_norm': 2.2295384407043457, 'learning_rate': 6.283692722371968e-06, 'epoch': 2.11}
{'loss': 0.1207, 'grad_norm': 0.6345727443695068, 'learning_rate': 6.199460916442049e-06, 'epoch': 2.13}
{'loss': 0.1071, 'grad_norm': 0.8790496587753296, 'learning_rate': 6.11522911051213e-06, 'epoch': 2.14}
{'loss': 0.0995, 'grad_norm': 1.662124752998352, 'learning_rate': 6.030997304582211e-06, 'epoch': 2.15}
{'loss': 0.0931, 'grad_norm': 1.6086070537567139, 'learning_rate': 5.946765498652292e-06, 'epoch': 2.16}
{'loss': 0.1208, 'grad_norm': 2.981842041015625, 'learning_rate': 5.862533692722372e-06, 'epoch': 2.17}
{'loss': 0.1038, 'grad_norm': 1.6841117143630981, 'learning_rate': 5.778301886792453e-06, 'epoch': 2.19}
{'loss': 0.1023, 'grad_norm': 2.81620192527771, 'learning_rate': 5.694070080862534e-06, 'epoch': 2.2}
{'loss': 0.1319, 'grad_norm': 2.464470148086548, 'learning_rate': 5.609838274932615e-06, 'epoch': 2.21}
{'loss': 0.1019, 'grad_norm': 1.8094260692596436, 'learning_rate': 5.525606469002696e-06, 'epoch': 2.22}
{'loss': 0.0917, 'grad_norm': 1.3702820539474487, 'learning_rate': 5.441374663072777e-06, 'epoch': 2.23}
{'loss': 0.1119, 'grad_norm': 2.0985021591186523, 'learning_rate': 5.357142857142857e-06, 'epoch': 2.24}
{'loss': 0.105, 'grad_norm': 2.966442823410034, 'learning_rate': 5.2729110512129385e-06, 'epoch': 2.26}
{'loss': 0.1204, 'grad_norm': 3.476806879043579, 'learning_rate': 5.188679245283019e-06, 'epoch': 2.27}
{'loss': 0.0988, 'grad_norm': 2.5247576236724854, 'learning_rate': 5.1044474393531e-06, 'epoch': 2.28}
{'loss': 0.0987, 'grad_norm': 2.567160129547119, 'learning_rate': 5.020215633423181e-06, 'epoch': 2.29}
{'loss': 0.1125, 'grad_norm': 0.3307127356529236, 'learning_rate': 4.935983827493262e-06, 'epoch': 2.3}
{'loss': 0.0991, 'grad_norm': 3.3168280124664307, 'learning_rate': 4.851752021563343e-06, 'epoch': 2.32}
{'loss': 0.1149, 'grad_norm': 2.8676352500915527, 'learning_rate': 4.767520215633424e-06, 'epoch': 2.33}
{'loss': 0.1032, 'grad_norm': 2.112037181854248, 'learning_rate': 4.683288409703504e-06, 'epoch': 2.34}
{'loss': 0.0917, 'grad_norm': 2.240294933319092, 'learning_rate': 4.599056603773585e-06, 'epoch': 2.35}
{'loss': 0.0917, 'grad_norm': 2.676815986633301, 'learning_rate': 4.5148247978436664e-06, 'epoch': 2.36}
{'loss': 0.1316, 'grad_norm': 1.736083745956421, 'learning_rate': 4.430592991913747e-06, 'epoch': 2.38}
{'loss': 0.1157, 'grad_norm': 2.757493019104004, 'learning_rate': 4.346361185983828e-06, 'epoch': 2.39}
{'loss': 0.099, 'grad_norm': 1.060610055923462, 'learning_rate': 4.262129380053909e-06, 'epoch': 2.4}
{'loss': 0.0954, 'grad_norm': 2.447331190109253, 'learning_rate': 4.17789757412399e-06, 'epoch': 2.41}
{'loss': 0.1228, 'grad_norm': 2.4182817935943604, 'learning_rate': 4.09366576819407e-06, 'epoch': 2.42}
{'loss': 0.1126, 'grad_norm': 1.3804384469985962, 'learning_rate': 4.009433962264152e-06, 'epoch': 2.43}
{'loss': 0.1039, 'grad_norm': 3.728959560394287, 'learning_rate': 3.9252021563342315e-06, 'epoch': 2.45}
{'loss': 0.0845, 'grad_norm': 0.2574096918106079, 'learning_rate': 3.840970350404313e-06, 'epoch': 2.46}
{'loss': 0.0977, 'grad_norm': 1.8659334182739258, 'learning_rate': 3.7567385444743935e-06, 'epoch': 2.47}
{'loss': 0.1066, 'grad_norm': 4.436849117279053, 'learning_rate': 3.6725067385444746e-06, 'epoch': 2.48}
{'loss': 0.0966, 'grad_norm': 2.636209726333618, 'learning_rate': 3.5882749326145556e-06, 'epoch': 2.49}
{'loss': 0.093, 'grad_norm': 0.7793317437171936, 'learning_rate': 3.5040431266846366e-06, 'epoch': 2.51}
{'loss': 0.1132, 'grad_norm': 2.4367122650146484, 'learning_rate': 3.419811320754717e-06, 'epoch': 2.52}
{'loss': 0.1035, 'grad_norm': 4.749533176422119, 'learning_rate': 3.3355795148247982e-06, 'epoch': 2.53}
{'loss': 0.0998, 'grad_norm': 1.3558803796768188, 'learning_rate': 3.2513477088948792e-06, 'epoch': 2.54}
{'loss': 0.1127, 'grad_norm': 0.4807654619216919, 'learning_rate': 3.1671159029649603e-06, 'epoch': 2.55}
{'loss': 0.1046, 'grad_norm': 2.3057327270507812, 'learning_rate': 3.0828840970350405e-06, 'epoch': 2.57}
{'loss': 0.1047, 'grad_norm': 1.227349877357483, 'learning_rate': 2.9986522911051215e-06, 'epoch': 2.58}
{'loss': 0.1285, 'grad_norm': 2.1524574756622314, 'learning_rate': 2.914420485175202e-06, 'epoch': 2.59}
{'loss': 0.0994, 'grad_norm': 3.2927074432373047, 'learning_rate': 2.830188679245283e-06, 'epoch': 2.6}
{'loss': 0.117, 'grad_norm': 3.1583433151245117, 'learning_rate': 2.745956873315364e-06, 'epoch': 2.61}
{'loss': 0.1105, 'grad_norm': 1.81358802318573, 'learning_rate': 2.661725067385445e-06, 'epoch': 2.62}
{'loss': 0.1098, 'grad_norm': 4.4049153327941895, 'learning_rate': 2.5774932614555257e-06, 'epoch': 2.64}
{'loss': 0.115, 'grad_norm': 3.0406763553619385, 'learning_rate': 2.4932614555256063e-06, 'epoch': 2.65}
{'loss': 0.1123, 'grad_norm': 2.461477756500244, 'learning_rate': 2.4090296495956874e-06, 'epoch': 2.66}
{'loss': 0.0896, 'grad_norm': 3.3306500911712646, 'learning_rate': 2.3247978436657684e-06, 'epoch': 2.67}
{'loss': 0.1186, 'grad_norm': 1.3278696537017822, 'learning_rate': 2.2405660377358494e-06, 'epoch': 2.68}
{'loss': 0.0944, 'grad_norm': 3.046344518661499, 'learning_rate': 2.15633423180593e-06, 'epoch': 2.7}
{'loss': 0.0967, 'grad_norm': 1.232520341873169, 'learning_rate': 2.072102425876011e-06, 'epoch': 2.71}
{'loss': 0.0933, 'grad_norm': 4.956252574920654, 'learning_rate': 1.9878706199460916e-06, 'epoch': 2.72}
{'loss': 0.0912, 'grad_norm': 1.420927882194519, 'learning_rate': 1.9036388140161727e-06, 'epoch': 2.73}
{'loss': 0.1043, 'grad_norm': 2.0542774200439453, 'learning_rate': 1.8194070080862537e-06, 'epoch': 2.74}
{'loss': 0.1164, 'grad_norm': 1.3411561250686646, 'learning_rate': 1.7351752021563345e-06, 'epoch': 2.76}
{'loss': 0.1127, 'grad_norm': 1.7331854104995728, 'learning_rate': 1.650943396226415e-06, 'epoch': 2.77}
{'loss': 0.1094, 'grad_norm': 3.2844347953796387, 'learning_rate': 1.5667115902964961e-06, 'epoch': 2.78}
{'loss': 0.0991, 'grad_norm': 0.862031877040863, 'learning_rate': 1.482479784366577e-06, 'epoch': 2.79}
{'loss': 0.101, 'grad_norm': 4.752867698669434, 'learning_rate': 1.398247978436658e-06, 'epoch': 2.8}
{'loss': 0.1032, 'grad_norm': 0.905624508857727, 'learning_rate': 1.3140161725067386e-06, 'epoch': 2.81}
{'loss': 0.0874, 'grad_norm': 1.764540672302246, 'learning_rate': 1.2297843665768196e-06, 'epoch': 2.83}
{'loss': 0.1026, 'grad_norm': 2.9551312923431396, 'learning_rate': 1.1455525606469004e-06, 'epoch': 2.84}
{'loss': 0.0981, 'grad_norm': 2.0328218936920166, 'learning_rate': 1.0613207547169812e-06, 'epoch': 2.85}
{'loss': 0.088, 'grad_norm': 1.7415318489074707, 'learning_rate': 9.77088948787062e-07, 'epoch': 2.86}
{'loss': 0.1028, 'grad_norm': 2.2394349575042725, 'learning_rate': 8.928571428571429e-07, 'epoch': 2.87}
{'loss': 0.0966, 'grad_norm': 3.3339011669158936, 'learning_rate': 8.086253369272238e-07, 'epoch': 2.89}
{'loss': 0.1144, 'grad_norm': 1.5997635126113892, 'learning_rate': 7.243935309973047e-07, 'epoch': 2.9}
{'loss': 0.1103, 'grad_norm': 3.0293874740600586, 'learning_rate': 6.401617250673856e-07, 'epoch': 2.91}
{'loss': 0.0924, 'grad_norm': 2.734818696975708, 'learning_rate': 5.559299191374663e-07, 'epoch': 2.92}
{'loss': 0.1178, 'grad_norm': 1.1492840051651, 'learning_rate': 4.716981132075472e-07, 'epoch': 2.93}
{'loss': 0.1212, 'grad_norm': 2.0909039974212646, 'learning_rate': 3.874663072776281e-07, 'epoch': 2.95}
{'loss': 0.0848, 'grad_norm': 0.6002812385559082, 'learning_rate': 3.0323450134770895e-07, 'epoch': 2.96}
{'loss': 0.1029, 'grad_norm': 1.5243616104125977, 'learning_rate': 2.190026954177898e-07, 'epoch': 2.97}
{'loss': 0.0976, 'grad_norm': 1.4382365942001343, 'learning_rate': 1.3477088948787063e-07, 'epoch': 2.98}
{'loss': 0.114, 'grad_norm': 2.86592173576355, 'learning_rate': 5.0539083557951485e-08, 'epoch': 2.99}
{'train_runtime': 615.2998, 'train_samples_per_second': 328.372, 'train_steps_per_second': 20.527, 'train_loss': 0.23366190505612963, 'epoch': 3.0}
Evaluating clean validation: t5small_sst2
Evaluating noisy validation: t5small_sst2

========== Step 4: Load separate clean text corpus for cleaner training ==========
Cleaner train clean texts: 12000
Cleaner validation clean texts: 1000
Cleaner test clean texts: 1000

========== Step 5: Train/load neural cleaner models ==========

----- Cleaner model: ediclean_t5small_wikitext (encoder_decoder_cleaner) -----
{'loss': 1.6207, 'grad_norm': 7.13314962387085, 'learning_rate': 1.388888888888889e-05, 'epoch': 0.03}
{'loss': 0.8185, 'grad_norm': 1.9954348802566528, 'learning_rate': 2.777777777777778e-05, 'epoch': 0.07}
{'loss': 0.4291, 'grad_norm': 1.012256383895874, 'learning_rate': 4.166666666666667e-05, 'epoch': 0.1}
{'loss': 0.3173, 'grad_norm': 1.061784267425537, 'learning_rate': 4.964539007092199e-05, 'epoch': 0.13}
{'loss': 0.296, 'grad_norm': 1.0252628326416016, 'learning_rate': 4.875886524822695e-05, 'epoch': 0.17}
{'loss': 0.2967, 'grad_norm': 0.4813539683818817, 'learning_rate': 4.787234042553192e-05, 'epoch': 0.2}
{'loss': 0.2728, 'grad_norm': 0.8195564150810242, 'learning_rate': 4.698581560283688e-05, 'epoch': 0.23}
{'loss': 0.2568, 'grad_norm': 0.5658200979232788, 'learning_rate': 4.609929078014185e-05, 'epoch': 0.27}
{'loss': 0.2311, 'grad_norm': 0.891099214553833, 'learning_rate': 4.5212765957446815e-05, 'epoch': 0.3}
{'loss': 0.2174, 'grad_norm': 0.7857716679573059, 'learning_rate': 4.432624113475177e-05, 'epoch': 0.33}
{'loss': 0.2244, 'grad_norm': 0.6481983065605164, 'learning_rate': 4.343971631205674e-05, 'epoch': 0.37}
{'loss': 0.227, 'grad_norm': 0.5628814697265625, 'learning_rate': 4.2553191489361704e-05, 'epoch': 0.4}
{'loss': 0.2306, 'grad_norm': 0.6041563749313354, 'learning_rate': 4.166666666666667e-05, 'epoch': 0.43}
{'loss': 0.2317, 'grad_norm': 0.41849589347839355, 'learning_rate': 4.078014184397163e-05, 'epoch': 0.47}
{'loss': 0.2349, 'grad_norm': 0.7262544631958008, 'learning_rate': 3.9893617021276594e-05, 'epoch': 0.5}
{'loss': 0.2126, 'grad_norm': 0.6720028519630432, 'learning_rate': 3.900709219858156e-05, 'epoch': 0.53}
{'loss': 0.2229, 'grad_norm': 0.502052366733551, 'learning_rate': 3.812056737588653e-05, 'epoch': 0.57}
{'loss': 0.211, 'grad_norm': 0.8617334365844727, 'learning_rate': 3.723404255319149e-05, 'epoch': 0.6}
{'loss': 0.21, 'grad_norm': 0.5229265689849854, 'learning_rate': 3.634751773049646e-05, 'epoch': 0.63}
{'loss': 0.2282, 'grad_norm': 0.7759350538253784, 'learning_rate': 3.546099290780142e-05, 'epoch': 0.67}
{'loss': 0.2078, 'grad_norm': 0.7824966907501221, 'learning_rate': 3.4574468085106386e-05, 'epoch': 0.7}
{'loss': 0.2012, 'grad_norm': 0.49199533462524414, 'learning_rate': 3.3687943262411347e-05, 'epoch': 0.73}
{'loss': 0.2184, 'grad_norm': 0.9257320165634155, 'learning_rate': 3.2801418439716314e-05, 'epoch': 0.77}
{'loss': 0.2089, 'grad_norm': 0.9100397229194641, 'learning_rate': 3.191489361702128e-05, 'epoch': 0.8}
{'loss': 0.2128, 'grad_norm': 0.6364021301269531, 'learning_rate': 3.102836879432624e-05, 'epoch': 0.83}
{'loss': 0.2193, 'grad_norm': 0.4408359229564667, 'learning_rate': 3.0141843971631207e-05, 'epoch': 0.87}
{'loss': 0.2178, 'grad_norm': 0.5934708714485168, 'learning_rate': 2.925531914893617e-05, 'epoch': 0.9}
{'loss': 0.2081, 'grad_norm': 1.2372597455978394, 'learning_rate': 2.836879432624114e-05, 'epoch': 0.93}
{'loss': 0.1941, 'grad_norm': 0.834039032459259, 'learning_rate': 2.74822695035461e-05, 'epoch': 0.97}
{'loss': 0.2185, 'grad_norm': 0.5079238414764404, 'learning_rate': 2.6595744680851064e-05, 'epoch': 1.0}
{'loss': 0.1981, 'grad_norm': 0.5612960457801819, 'learning_rate': 2.570921985815603e-05, 'epoch': 1.03}
{'loss': 0.2223, 'grad_norm': 0.7175981998443604, 'learning_rate': 2.4822695035460995e-05, 'epoch': 1.07}
{'loss': 0.193, 'grad_norm': 0.6650554537773132, 'learning_rate': 2.393617021276596e-05, 'epoch': 1.1}
{'loss': 0.1909, 'grad_norm': 0.4645235240459442, 'learning_rate': 2.3049645390070924e-05, 'epoch': 1.13}
{'loss': 0.1972, 'grad_norm': 0.45660167932510376, 'learning_rate': 2.2163120567375885e-05, 'epoch': 1.17}
{'loss': 0.1841, 'grad_norm': 0.5661786794662476, 'learning_rate': 2.1276595744680852e-05, 'epoch': 1.2}
{'loss': 0.1926, 'grad_norm': 0.5429593324661255, 'learning_rate': 2.0390070921985816e-05, 'epoch': 1.23}
{'loss': 0.1858, 'grad_norm': 0.788741946220398, 'learning_rate': 1.950354609929078e-05, 'epoch': 1.27}
{'loss': 0.2115, 'grad_norm': 0.5939399003982544, 'learning_rate': 1.8617021276595745e-05, 'epoch': 1.3}
{'loss': 0.1766, 'grad_norm': 0.5486134886741638, 'learning_rate': 1.773049645390071e-05, 'epoch': 1.33}
{'loss': 0.2011, 'grad_norm': 0.7047165036201477, 'learning_rate': 1.6843971631205673e-05, 'epoch': 1.37}
{'loss': 0.1881, 'grad_norm': 0.4404810667037964, 'learning_rate': 1.595744680851064e-05, 'epoch': 1.4}
{'loss': 0.1935, 'grad_norm': 0.8542899489402771, 'learning_rate': 1.5070921985815603e-05, 'epoch': 1.43}
{'loss': 0.1884, 'grad_norm': 0.44699040055274963, 'learning_rate': 1.418439716312057e-05, 'epoch': 1.47}
{'loss': 0.1865, 'grad_norm': 0.41038960218429565, 'learning_rate': 1.3297872340425532e-05, 'epoch': 1.5}
{'loss': 0.1734, 'grad_norm': 0.6126683354377747, 'learning_rate': 1.2411347517730498e-05, 'epoch': 1.53}
{'loss': 0.1858, 'grad_norm': 0.6036072969436646, 'learning_rate': 1.1524822695035462e-05, 'epoch': 1.57}
{'loss': 0.1909, 'grad_norm': 0.7134305834770203, 'learning_rate': 1.0638297872340426e-05, 'epoch': 1.6}
{'loss': 0.177, 'grad_norm': 0.43541646003723145, 'learning_rate': 9.75177304964539e-06, 'epoch': 1.63}
{'loss': 0.1959, 'grad_norm': 0.66090327501297, 'learning_rate': 8.865248226950355e-06, 'epoch': 1.67}
{'loss': 0.1827, 'grad_norm': 0.3936234712600708, 'learning_rate': 7.97872340425532e-06, 'epoch': 1.7}
{'loss': 0.2094, 'grad_norm': 0.8248132467269897, 'learning_rate': 7.092198581560285e-06, 'epoch': 1.73}
{'loss': 0.1801, 'grad_norm': 1.092469573020935, 'learning_rate': 6.205673758865249e-06, 'epoch': 1.77}
{'loss': 0.181, 'grad_norm': 0.6602530479431152, 'learning_rate': 5.319148936170213e-06, 'epoch': 1.8}
{'loss': 0.185, 'grad_norm': 0.39077356457710266, 'learning_rate': 4.432624113475177e-06, 'epoch': 1.83}
{'loss': 0.1902, 'grad_norm': 0.8364737629890442, 'learning_rate': 3.5460992907801423e-06, 'epoch': 1.87}
{'loss': 0.2, 'grad_norm': 0.5902817845344543, 'learning_rate': 2.6595744680851065e-06, 'epoch': 1.9}
{'loss': 0.1938, 'grad_norm': 0.8189610838890076, 'learning_rate': 1.7730496453900712e-06, 'epoch': 1.93}
{'loss': 0.1883, 'grad_norm': 0.5778265595436096, 'learning_rate': 8.865248226950356e-07, 'epoch': 1.97}
{'loss': 0.1857, 'grad_norm': 0.6176592111587524, 'learning_rate': 0.0, 'epoch': 2.0}
{'train_runtime': 165.6403, 'train_samples_per_second': 144.892, 'train_steps_per_second': 18.112, 'train_loss': 0.24709165668487548, 'epoch': 2.0}

----- Cleaner model: decoderclean_distilgpt2_wikitext (decoder_only_cleaner) -----
{'loss': 0.443, 'grad_norm': 4.576496124267578, 'learning_rate': 1.388888888888889e-05, 'epoch': 0.03}
{'loss': 0.2818, 'grad_norm': 11.822846412658691, 'learning_rate': 2.777777777777778e-05, 'epoch': 0.07}
{'loss': 0.2665, 'grad_norm': 2.4764046669006348, 'learning_rate': 4.166666666666667e-05, 'epoch': 0.1}
{'loss': 0.2304, 'grad_norm': 4.355489730834961, 'learning_rate': 4.964539007092199e-05, 'epoch': 0.13}
{'loss': 0.2264, 'grad_norm': 2.254497528076172, 'learning_rate': 4.875886524822695e-05, 'epoch': 0.17}
{'loss': 0.2296, 'grad_norm': 1.8918724060058594, 'learning_rate': 4.787234042553192e-05, 'epoch': 0.2}
{'loss': 0.239, 'grad_norm': 4.383068084716797, 'learning_rate': 4.698581560283688e-05, 'epoch': 0.23}
{'loss': 0.213, 'grad_norm': 2.0462586879730225, 'learning_rate': 4.609929078014185e-05, 'epoch': 0.27}
{'loss': 0.2097, 'grad_norm': 2.5448970794677734, 'learning_rate': 4.5212765957446815e-05, 'epoch': 0.3}
{'loss': 0.1797, 'grad_norm': 2.279949903488159, 'learning_rate': 4.432624113475177e-05, 'epoch': 0.33}
{'loss': 0.1813, 'grad_norm': 2.1362948417663574, 'learning_rate': 4.343971631205674e-05, 'epoch': 0.37}
{'loss': 0.1853, 'grad_norm': 2.321223020553589, 'learning_rate': 4.2553191489361704e-05, 'epoch': 0.4}
{'loss': 0.1902, 'grad_norm': 2.887514114379883, 'learning_rate': 4.166666666666667e-05, 'epoch': 0.43}
{'loss': 0.2, 'grad_norm': 1.0957850217819214, 'learning_rate': 4.078014184397163e-05, 'epoch': 0.47}
{'loss': 0.1908, 'grad_norm': 1.6866697072982788, 'learning_rate': 3.9893617021276594e-05, 'epoch': 0.5}
{'loss': 0.1829, 'grad_norm': 9.617608070373535, 'learning_rate': 3.900709219858156e-05, 'epoch': 0.53}
{'loss': 0.1845, 'grad_norm': 6.068443775177002, 'learning_rate': 3.812056737588653e-05, 'epoch': 0.57}
{'loss': 0.1529, 'grad_norm': 0.774942934513092, 'learning_rate': 3.723404255319149e-05, 'epoch': 0.6}
{'loss': 0.1871, 'grad_norm': 2.643622636795044, 'learning_rate': 3.634751773049646e-05, 'epoch': 0.63}
{'loss': 0.1762, 'grad_norm': 4.394818305969238, 'learning_rate': 3.546099290780142e-05, 'epoch': 0.67}
{'loss': 0.1602, 'grad_norm': 1.0343421697616577, 'learning_rate': 3.4574468085106386e-05, 'epoch': 0.7}
{'loss': 0.1785, 'grad_norm': 5.895499229431152, 'learning_rate': 3.3687943262411347e-05, 'epoch': 0.73}
{'loss': 0.1646, 'grad_norm': 2.9422619342803955, 'learning_rate': 3.2801418439716314e-05, 'epoch': 0.77}
{'loss': 0.1778, 'grad_norm': 3.3546502590179443, 'learning_rate': 3.191489361702128e-05, 'epoch': 0.8}
{'loss': 0.1504, 'grad_norm': 3.1545493602752686, 'learning_rate': 3.102836879432624e-05, 'epoch': 0.83}
{'loss': 0.1697, 'grad_norm': 1.0550740957260132, 'learning_rate': 3.0141843971631207e-05, 'epoch': 0.87}
{'loss': 0.1491, 'grad_norm': 2.8956689834594727, 'learning_rate': 2.925531914893617e-05, 'epoch': 0.9}
{'loss': 0.1567, 'grad_norm': 0.9847865700721741, 'learning_rate': 2.836879432624114e-05, 'epoch': 0.93}
{'loss': 0.1592, 'grad_norm': 4.637042999267578, 'learning_rate': 2.74822695035461e-05, 'epoch': 0.97}
{'loss': 0.1594, 'grad_norm': 6.929180145263672, 'learning_rate': 2.6595744680851064e-05, 'epoch': 1.0}
{'loss': 0.126, 'grad_norm': 3.323126792907715, 'learning_rate': 2.570921985815603e-05, 'epoch': 1.03}
{'loss': 0.1282, 'grad_norm': 1.6531492471694946, 'learning_rate': 2.4822695035460995e-05, 'epoch': 1.07}
{'loss': 0.1151, 'grad_norm': 4.4961419105529785, 'learning_rate': 2.393617021276596e-05, 'epoch': 1.1}
{'loss': 0.1238, 'grad_norm': 2.737048625946045, 'learning_rate': 2.3049645390070924e-05, 'epoch': 1.13}
{'loss': 0.1149, 'grad_norm': 1.0608274936676025, 'learning_rate': 2.2163120567375885e-05, 'epoch': 1.17}
{'loss': 0.1132, 'grad_norm': 2.152036190032959, 'learning_rate': 2.1276595744680852e-05, 'epoch': 1.2}
{'loss': 0.1033, 'grad_norm': 2.188782215118408, 'learning_rate': 2.0390070921985816e-05, 'epoch': 1.23}
{'loss': 0.1049, 'grad_norm': 2.1309401988983154, 'learning_rate': 1.950354609929078e-05, 'epoch': 1.27}
{'loss': 0.1335, 'grad_norm': 1.8928802013397217, 'learning_rate': 1.8617021276595745e-05, 'epoch': 1.3}
{'loss': 0.1099, 'grad_norm': 0.8431665897369385, 'learning_rate': 1.773049645390071e-05, 'epoch': 1.33}
{'loss': 0.1041, 'grad_norm': 1.3216192722320557, 'learning_rate': 1.6843971631205673e-05, 'epoch': 1.37}
{'loss': 0.1014, 'grad_norm': 1.9746099710464478, 'learning_rate': 1.595744680851064e-05, 'epoch': 1.4}
{'loss': 0.1232, 'grad_norm': 6.580650806427002, 'learning_rate': 1.5070921985815603e-05, 'epoch': 1.43}
{'loss': 0.1164, 'grad_norm': 1.0823513269424438, 'learning_rate': 1.418439716312057e-05, 'epoch': 1.47}
{'loss': 0.1131, 'grad_norm': 2.2588272094726562, 'learning_rate': 1.3297872340425532e-05, 'epoch': 1.5}
{'loss': 0.1226, 'grad_norm': 1.7999296188354492, 'learning_rate': 1.2411347517730498e-05, 'epoch': 1.53}
{'loss': 0.1068, 'grad_norm': 1.402989149093628, 'learning_rate': 1.1524822695035462e-05, 'epoch': 1.57}
{'loss': 0.1174, 'grad_norm': 1.5292706489562988, 'learning_rate': 1.0638297872340426e-05, 'epoch': 1.6}
{'loss': 0.1021, 'grad_norm': 1.3581507205963135, 'learning_rate': 9.75177304964539e-06, 'epoch': 1.63}
{'loss': 0.1089, 'grad_norm': 2.1073131561279297, 'learning_rate': 8.865248226950355e-06, 'epoch': 1.67}
{'loss': 0.1217, 'grad_norm': 1.9356673955917358, 'learning_rate': 7.97872340425532e-06, 'epoch': 1.7}
{'loss': 0.1294, 'grad_norm': 3.242182493209839, 'learning_rate': 7.092198581560285e-06, 'epoch': 1.73}
{'loss': 0.0929, 'grad_norm': 1.244386911392212, 'learning_rate': 6.205673758865249e-06, 'epoch': 1.77}
{'loss': 0.0987, 'grad_norm': 0.9989620447158813, 'learning_rate': 5.319148936170213e-06, 'epoch': 1.8}
{'loss': 0.1144, 'grad_norm': 1.6910537481307983, 'learning_rate': 4.432624113475177e-06, 'epoch': 1.83}
{'loss': 0.1029, 'grad_norm': 1.6373957395553589, 'learning_rate': 3.5460992907801423e-06, 'epoch': 1.87}
{'loss': 0.1126, 'grad_norm': 2.358182907104492, 'learning_rate': 2.6595744680851065e-06, 'epoch': 1.9}
{'loss': 0.1319, 'grad_norm': 2.999159812927246, 'learning_rate': 1.7730496453900712e-06, 'epoch': 1.93}
{'loss': 0.0957, 'grad_norm': 1.787325143814087, 'learning_rate': 8.865248226950356e-07, 'epoch': 1.97}
{'loss': 0.1124, 'grad_norm': 4.697726249694824, 'learning_rate': 0.0, 'epoch': 2.0}
{'train_runtime': 197.7587, 'train_samples_per_second': 121.36, 'train_steps_per_second': 15.17, 'train_loss': 0.1562895032564799, 'epoch': 2.0}

========== Step 6: Algorithmic cleaning baseline ==========

========== Step 7: Evaluate cleaned validation inputs ==========
Evaluating distilbert_sst2 on ediclean_t5small_wikitext-cleaned validation
Evaluating distilbert_sst2 on decoderclean_distilgpt2_wikitext-cleaned validation
Evaluating distilbert_sst2 on ruleclean-cleaned validation
Evaluating distilgpt2_sst2 on ediclean_t5small_wikitext-cleaned validation
Evaluating distilgpt2_sst2 on decoderclean_distilgpt2_wikitext-cleaned validation
Evaluating distilgpt2_sst2 on ruleclean-cleaned validation
Evaluating t5small_sst2 on ediclean_t5small_wikitext-cleaned validation
Evaluating t5small_sst2 on decoderclean_distilgpt2_wikitext-cleaned validation
Evaluating t5small_sst2 on ruleclean-cleaned validation

Saved results to: outputs/results.json
Saved predictions to: outputs/predictions.json
